
Allocating common symbols
Common symbol       size              file

data                0x1fc             asm/x86-32/boot.o

Memory Configuration

Name             Origin             Length             Attributes
*default*        0x0000000000000000 0xffffffffffffffff

Linker script and memory map

                0x0000000000040000                . = 0x40000
                0x0000000000040000                __krnl_start = .

.text           0x0000000000040000     0x5fa1
 *(.multiboot)
 .multiboot     0x0000000000040000       0x30 asm/x86-32/header.o
 *(.text)
 .text          0x0000000000040030       0x5c asm/x86-32/boot.o
                0x0000000000040030                _start
 .text          0x000000000004008c        0x0 asm/x86-32/header.o
 .text          0x000000000004008c      0x2cf asm/x86-32/isr.o
                0x0000000000040098                syscall_sr
                0x00000000000400b4                pit_isr
                0x00000000000401cb                key_isr
                0x00000000000401e7                int_stub
                0x00000000000401e8                irq_stub
                0x00000000000401f1                err_code
                0x00000000000401f9                error_0
                0x0000000000040206                error_2
                0x0000000000040213                error_3
                0x0000000000040220                error_4
                0x000000000004022d                error_5
                0x000000000004023a                error_6
                0x000000000004027f                error_7
                0x000000000004028c                error_8
                0x0000000000040299                error_10
                0x00000000000402a6                error_11
                0x00000000000402b3                error_12
                0x00000000000402c0                error_13
                0x00000000000402cd                error_14
                0x00000000000402da                error_17
                0x00000000000402e7                error_18
                0x00000000000402f4                error_19
                0x0000000000040301                error_20
                0x000000000004030e                error_21
                0x000000000004031b                error_28
                0x0000000000040328                error_29
                0x0000000000040335                error_30
                0x000000000004034d                atapi_isr
 .text          0x000000000004035b       0x38 asm/x86-32/string.o
                0x000000000004035b                memset
                0x000000000004036d                memcpy
                0x000000000004037f                strcpy
 .text          0x0000000000040393        0x0 src/common.o
 *fill*         0x0000000000040393        0xd 
 .text          0x00000000000403a0      0x2a0 src/errorscn.o
                0x00000000000403a0                exception_handler
 .text          0x0000000000040640      0xec2 src/heap.o
                0x0000000000040640                k_heapBMInit
                0x0000000000040650                k_heapBMAddBlock
                0x0000000000040860                k_heapBMGetBMSize
                0x0000000000040870                k_heapBMAddBlockEx
                0x0000000000040a90                k_heapBMAllocBound
                0x0000000000040d90                k_heapBMAlloc
                0x0000000000040db0                k_heapBMSet
                0x0000000000040fd0                k_heapBMFree
                0x0000000000041070                khamalloc
                0x00000000000410c0                khmalloc
                0x0000000000041110                khfree
                0x00000000000411b0                khrealloc
                0x00000000000412b0                kharealloc
                0x00000000000413b0                init_heap
 *fill*         0x0000000000041502        0xe 
 .text          0x0000000000041510      0x640 src/idt.o
                0x0000000000041510                set_idt_entry
                0x0000000000041550                init_idt
 .text          0x0000000000041b50       0x34 src/init.o
                0x0000000000041b50                initialize_crap
 *fill*         0x0000000000041b84        0xc 
 .text          0x0000000000041b90       0x6a src/io.o
                0x0000000000041b90                outb
                0x0000000000041ba0                inb
                0x0000000000041bb0                outl
                0x0000000000041bc0                inl
                0x0000000000041bd0                insl
                0x0000000000041bf0                io_wait
 *fill*         0x0000000000041bfa        0x6 
 .text          0x0000000000041c00       0x3e src/krnl_main.o
                0x0000000000041c00                krnl_main
 *fill*         0x0000000000041c3e        0x2 
 .text          0x0000000000041c40      0x348 src/mem.o
                0x0000000000041c60                set_usage_bitmap
                0x0000000000041c80                unset_usage_bitmap
                0x0000000000041ca0                test_usage_bitmap
                0x0000000000041cd0                find_first_from_bm
                0x0000000000041d60                krnl_map_page
                0x0000000000041dd0                init_paging
 *fill*         0x0000000000041f88        0x8 
 .text          0x0000000000041f90       0x8b src/multitask.o
                0x0000000000041f90                init_multitask
 *fill*         0x000000000004201b        0x5 
 .text          0x0000000000042020       0x45 src/panic.o
                0x0000000000042020                __internal_panic
 *fill*         0x0000000000042065        0xb 
 .text          0x0000000000042070       0x1b src/string.o
                0x0000000000042070                strlen
 *fill*         0x000000000004208b        0x5 
 .text          0x0000000000042090       0x35 src/syscall.o
                0x0000000000042090                c_syscall
 *fill*         0x00000000000420c5        0xb 
 .text          0x00000000000420d0      0xf60 src/vgatext.o
                0x0000000000042260                buff_putchar
                0x0000000000042290                set_term_colour
                0x00000000000422a0                putpixel
                0x0000000000042310                drawchar
                0x00000000000424b0                buf_flush
                0x0000000000042600                putstring_xy
                0x00000000000426d0                reverse
                0x0000000000042720                putunum_xy
                0x0000000000042a40                move_cursor
                0x0000000000042b10                text_scroll
                0x0000000000042c60                putstring
                0x0000000000042d30                putunum
                0x0000000000042e80                init_vga
 .text          0x0000000000043030     0x24af src/dev/ide.o
                0x0000000000043030                ide_atapi_wait
                0x0000000000043070                getchannel
                0x00000000000430c0                ide_write
                0x00000000000431e0                ide_read
                0x00000000000432d0                ide_read_buffer
                0x0000000000043410                ide_polling
                0x00000000000434a0                ide_ata_access
                0x0000000000043ec0                ide_wait_irq
                0x0000000000043ee0                ide_atapi_read
                0x00000000000442e0                ide_read_sectors
                0x0000000000044590                ide_devfs_read
                0x00000000000445d0                ide_write_sectors
                0x0000000000044800                ide_devfs_write
                0x0000000000044840                ctrl_init
                0x00000000000452c0                init_ide
 *fill*         0x00000000000454df        0x1 
 .text          0x00000000000454e0      0x10b src/dev/keyboard.o
                0x00000000000454e0                keyboard_handler
 *fill*         0x00000000000455eb        0x5 
 .text          0x00000000000455f0      0x57b src/dev/pci.o
                0x00000000000455f0                readconfword
                0x0000000000045650                chkdev
                0x0000000000045730                chkfunc
                0x00000000000458d0                chkbus
                0x0000000000045900                init_pci
 *fill*         0x0000000000045b6b        0x5 
 .text          0x0000000000045b70       0xf9 src/dev/pic.o
                0x0000000000045b70                init_pic
 .text          0x0000000000045c69        0x0 src/dev/sata.o
 *fill*         0x0000000000045c69        0x7 
 .text          0x0000000000045c70      0x21c src/fs/devfs.o
                0x0000000000045c70                devfs_open
                0x0000000000045ca0                devfs_close
                0x0000000000045cc0                devfs_readdir
                0x0000000000045cd0                devfs_read
                0x0000000000045cf0                devfs_write
                0x0000000000045d10                devfs_finddir
                0x0000000000045d20                devfs_int_creat
                0x0000000000045e20                devfs_init
 *fill*         0x0000000000045e8c        0x4 
 .text          0x0000000000045e90      0x111 src/fs/vfs.o
                0x0000000000045e90                open
                0x0000000000045ea0                close
                0x0000000000045eb0                read
                0x0000000000045ec0                readdir
                0x0000000000045ed0                finddir
                0x0000000000045ee0                write
                0x0000000000045ef0                init_vfs
                0x0000000000045f90                fd_node_find

.iplt           0x0000000000045fa1        0x0
 .iplt          0x0000000000045fa1        0x0 asm/x86-32/boot.o

.text.unlikely  0x0000000000045fa1       0xa9
 .text.unlikely
                0x0000000000045fa1       0xa9 src/dev/ide.o

.data           0x0000000000047000     0x30fa
 *(.data)
 .data          0x0000000000047000       0x4c asm/x86-32/boot.o
                0x0000000000047000                gdt_info
 .data          0x000000000004704c        0x0 asm/x86-32/header.o
 .data          0x000000000004704c        0x0 asm/x86-32/isr.o
 .data          0x000000000004704c        0x0 asm/x86-32/string.o
 .data          0x000000000004704c        0x8 src/common.o
                0x000000000004704c                donemsg
                0x0000000000047050                donemsg_str
 *fill*         0x0000000000047054        0xc 
 .data          0x0000000000047060      0xfac src/errorscn.o
                0x0000000000047060                _home_clement_Documents_crash_tga
 .data          0x000000000004800c        0x0 src/heap.o
 .data          0x000000000004800c        0x0 src/idt.o
 .data          0x000000000004800c        0x0 src/init.o
 .data          0x000000000004800c        0x0 src/io.o
 .data          0x000000000004800c        0x0 src/krnl_main.o
 .data          0x000000000004800c        0x0 src/mem.o
 *fill*         0x000000000004800c       0x14 
 .data          0x0000000000048020       0x88 src/multitask.o
                0x0000000000048020                kernel_task_name
                0x0000000000048040                sys_tss_table
 .data          0x00000000000480a8        0x0 src/panic.o
 .data          0x00000000000480a8        0x0 src/string.o
 .data          0x00000000000480a8        0x0 src/syscall.o
 *fill*         0x00000000000480a8       0x18 
 .data          0x00000000000480c0     0x2020 src/vgatext.o
                0x00000000000480c0                default_colour
                0x00000000000480c4                enable_log
                0x00000000000480c8                istext
                0x00000000000480cc                gres
                0x00000000000480d4                tres
                0x00000000000480e0                textmode_lookup
                0x0000000000048120                booticon_tga
                0x00000000000490e0                vga_font
 .data          0x000000000004a0e0        0xc src/dev/ide.o
 .data          0x000000000004a0ec        0x0 src/dev/keyboard.o
 .data          0x000000000004a0ec        0x0 src/dev/pci.o
 .data          0x000000000004a0ec        0xe src/dev/pic.o
                0x000000000004a0ec                p
 .data          0x000000000004a0fa        0x0 src/dev/sata.o
 .data          0x000000000004a0fa        0x0 src/fs/devfs.o
 .data          0x000000000004a0fa        0x0 src/fs/vfs.o

.got            0x000000000004a0fc        0x0
 .got           0x000000000004a0fc        0x0 asm/x86-32/boot.o

.got.plt        0x000000000004a0fc        0x0
 .got.plt       0x000000000004a0fc        0x0 asm/x86-32/boot.o

.igot.plt       0x000000000004a0fc        0x0
 .igot.plt      0x000000000004a0fc        0x0 asm/x86-32/boot.o

.bss            0x000000000004b000      0xf28
 *(COMMON)
 COMMON         0x000000000004b000      0x1fc asm/x86-32/boot.o
                0x000000000004b000                data
 *(.bss)
 .bss           0x000000000004b1fc        0x0 asm/x86-32/boot.o
 .bss           0x000000000004b1fc        0x0 asm/x86-32/header.o
 .bss           0x000000000004b1fc        0x0 asm/x86-32/isr.o
 .bss           0x000000000004b1fc        0x0 asm/x86-32/string.o
 .bss           0x000000000004b1fc        0x0 src/common.o
 .bss           0x000000000004b1fc        0x0 src/errorscn.o
 .bss           0x000000000004b1fc        0x4 src/heap.o
                0x000000000004b1fc                system_heap
 .bss           0x000000000004b200      0x40e src/idt.o
                0x000000000004b200                krnl_idt
                0x000000000004b608                idtinf
 .bss           0x000000000004b60e        0x0 src/init.o
 .bss           0x000000000004b60e        0x0 src/io.o
 *fill*         0x000000000004b60e       0x12 
 .bss           0x000000000004b620       0x78 src/krnl_main.o
                0x000000000004b620                globl_info
 .bss           0x000000000004b698       0x10 src/mem.o
                0x000000000004b698                realloc_test
                0x000000000004b69c                krnl_pagedir
                0x000000000004b6a0                kernel_page_usage_bitmap
                0x000000000004b6a4                max_index
 .bss           0x000000000004b6a8       0x14 src/multitask.o
                0x000000000004b6a8                proc_id_counter
                0x000000000004b6b0                current_task
                0x000000000004b6b4                kernel_task
                0x000000000004b6b8                enable_multitask
 .bss           0x000000000004b6bc        0x0 src/panic.o
 .bss           0x000000000004b6bc        0x0 src/string.o
 .bss           0x000000000004b6bc        0x0 src/syscall.o
 .bss           0x000000000004b6bc       0x18 src/vgatext.o
                0x000000000004b6bc                prevcursorpos
                0x000000000004b6c4                cursorpos
                0x000000000004b6cc                buf_curpos
                0x000000000004b6d0                buf_ptr
 *fill*         0x000000000004b6d4        0xc 
 .bss           0x000000000004b6e0      0x830 src/dev/ide.o
                0x000000000004b6e0                drive_counter
                0x000000000004b6e4                ide_irq_invoked
                0x000000000004b700                ide_buf
                0x000000000004bf00                ideit
                0x000000000004bf04                idechannelroot
                0x000000000004bf08                idectrl_id_count
                0x000000000004bf0c                dev_it
 .bss           0x000000000004bf10        0x4 src/dev/keyboard.o
                0x000000000004bf10                e0_mode
 .bss           0x000000000004bf14        0x8 src/dev/pci.o
                0x000000000004bf14                it
                0x000000000004bf18                pciroot
 .bss           0x000000000004bf1c        0x0 src/dev/pic.o
 .bss           0x000000000004bf1c        0x0 src/dev/sata.o
 .bss           0x000000000004bf1c        0x8 src/fs/devfs.o
                0x000000000004bf1c                devfs_root
                0x000000000004bf20                inodecounter
 .bss           0x000000000004bf24        0x4 src/fs/vfs.o
                0x000000000004bf24                memroot

.rodata         0x000000000004c000       0x67
 *(.rodata)
 .rodata        0x000000000004c000       0x12 src/vgatext.o
 .rodata        0x000000000004c012       0x55 src/dev/ide.o

.rodata.str1.1  0x000000000004c067      0x143
 .rodata.str1.1
                0x000000000004c067       0x32 src/errorscn.o
 .rodata.str1.1
                0x000000000004c099       0x36 src/heap.o
 .rodata.str1.1
                0x000000000004c0cf        0xe src/idt.o
 .rodata.str1.1
                0x000000000004c0dd       0x23 src/krnl_main.o
 .rodata.str1.1
                0x000000000004c100       0x1d src/mem.o
 .rodata.str1.1
                0x000000000004c11d       0x14 src/multitask.o
 .rodata.str1.1
                0x000000000004c131       0x65 src/dev/pci.o
                                         0x69 (size before relaxing)
 .rodata.str1.1
                0x000000000004c196       0x14 src/fs/vfs.o
                0x000000000004d1aa                . = (. + 0x1000)
                0x0000000000050000                __krnl_end = ALIGN (0x4000)
LOAD asm/x86-32/boot.o
LOAD asm/x86-32/header.o
LOAD asm/x86-32/isr.o
LOAD asm/x86-32/string.o
LOAD /home/clement/opt/cross/lib/gcc/i686-elf/11.2.0/libgcc.a
LOAD src/common.o
LOAD src/errorscn.o
LOAD src/heap.o
LOAD src/idt.o
LOAD src/init.o
LOAD src/io.o
LOAD src/krnl_main.o
LOAD src/mem.o
LOAD src/multitask.o
LOAD src/panic.o
LOAD src/string.o
LOAD src/syscall.o
LOAD src/vgatext.o
LOAD src/dev/ide.o
LOAD src/dev/keyboard.o
LOAD src/dev/pci.o
LOAD src/dev/pic.o
LOAD src/dev/sata.o
LOAD src/fs/devfs.o
LOAD src/fs/vfs.o
OUTPUT(vmvasily elf32-i386)

.rel.dyn        0x000000000004d1ac        0x0
 .rel.got       0x000000000004d1ac        0x0 asm/x86-32/boot.o
 .rel.iplt      0x000000000004d1ac        0x0 asm/x86-32/boot.o
 .rel.text      0x000000000004d1ac        0x0 asm/x86-32/boot.o

bss             0x0000000000000000     0x8004
 bss            0x0000000000000000     0x8004 asm/x86-32/boot.o
                0x0000000000008000                vbe_struct

.comment        0x0000000000000000       0x12
 .comment       0x0000000000000000       0x12 src/common.o
                                         0x13 (size before relaxing)
 .comment       0x0000000000000012       0x13 src/errorscn.o
 .comment       0x0000000000000012       0x13 src/heap.o
 .comment       0x0000000000000012       0x13 src/idt.o
 .comment       0x0000000000000012       0x13 src/init.o
 .comment       0x0000000000000012       0x13 src/io.o
 .comment       0x0000000000000012       0x13 src/krnl_main.o
 .comment       0x0000000000000012       0x13 src/mem.o
 .comment       0x0000000000000012       0x13 src/multitask.o
 .comment       0x0000000000000012       0x13 src/panic.o
 .comment       0x0000000000000012       0x13 src/string.o
 .comment       0x0000000000000012       0x13 src/syscall.o
 .comment       0x0000000000000012       0x13 src/vgatext.o
 .comment       0x0000000000000012       0x13 src/dev/ide.o
 .comment       0x0000000000000012       0x13 src/dev/keyboard.o
 .comment       0x0000000000000012       0x13 src/dev/pci.o
 .comment       0x0000000000000012       0x13 src/dev/pic.o
 .comment       0x0000000000000012       0x13 src/dev/sata.o
 .comment       0x0000000000000012       0x13 src/fs/devfs.o
 .comment       0x0000000000000012       0x13 src/fs/vfs.o
