
Memory Configuration

Name             Origin             Length             Attributes
*default*        0x0000000000000000 0xffffffffffffffff

Linker script and memory map

                0x0000000000000000                . = 0x0
                0x0000000000000000                __krnl_start = .

.text           0x0000000000000000      0xe17
 *(.multiboot)
 .multiboot     0x0000000000000000       0x30 asm/x86-32/header.o
 *(.text)
 .text          0x0000000000000030       0x4d asm/x86-32/boot.o
                0x0000000000000030                _start
 .text          0x000000000000007d        0x0 asm/x86-32/header.o
 .text          0x000000000000007d       0x10 asm/x86-32/isr.o
                0x000000000000007d                pit_isr
                0x0000000000000082                key_isr
                0x0000000000000087                int_stub
                0x0000000000000088                irq_stub
 *fill*         0x000000000000008d        0x3 
 .text          0x0000000000000090       0xf7 src/dev/pic.o
                0x0000000000000090                init_pic
 .text          0x0000000000000187        0x0 src/common.o
 *fill*         0x0000000000000187        0x9 
 .text          0x0000000000000190      0x547 src/heap.o
                0x0000000000000190                k_heapBMInit
                0x00000000000001a0                k_heapBMAddBlock
                0x0000000000000250                k_heapBMGetBMSize
                0x0000000000000260                k_heapBMAddBlockEx
                0x0000000000000310                k_heapBMAllocBound
                0x00000000000004f0                k_heapBMAlloc
                0x0000000000000510                k_heapBMSet
                0x0000000000000640                k_heapBMFree
 *fill*         0x00000000000006d7        0x9 
 .text          0x00000000000006e0      0x153 src/idt.o
                0x00000000000006e0                set_idt_entry
                0x0000000000000720                init_idt
 *fill*         0x0000000000000833        0xd 
 .text          0x0000000000000840       0x16 src/init.o
                0x0000000000000840                initialize_crap
 *fill*         0x0000000000000856        0xa 
 .text          0x0000000000000860       0x2a src/io.o
                0x0000000000000860                outb
                0x0000000000000870                inb
                0x0000000000000880                io_wait
 *fill*         0x000000000000088a        0x6 
 .text          0x0000000000000890       0x28 src/krnl_main.o
                0x0000000000000890                krnl_main
 *fill*         0x00000000000008b8        0x8 
 .text          0x00000000000008c0      0x158 src/mem.o
                0x0000000000000930                alloc_frame
                0x00000000000009a0                free_frame
                0x00000000000009e0                init_paging
 *fill*         0x0000000000000a18        0x8 
 .text          0x0000000000000a20       0x65 src/panic.o
                0x0000000000000a20                __internal_panic
 *fill*         0x0000000000000a85        0xb 
 .text          0x0000000000000a90      0x387 src/vgatext.o
                0x0000000000000a90                buff_putchar
                0x0000000000000ac0                set_term_colour
                0x0000000000000ad0                text_scroll
                0x0000000000000b80                putstring
                0x0000000000000c90                strlen
                0x0000000000000cb0                reverse
                0x0000000000000d10                putunum
                0x0000000000000dc0                move_cursor

.iplt           0x0000000000000e17        0x0
 .iplt          0x0000000000000e17        0x0 asm/x86-32/boot.o

.data           0x0000000000001000       0x36
 *(.data)
 .data          0x0000000000001000       0x1e asm/x86-32/boot.o
 .data          0x000000000000101e        0x0 asm/x86-32/header.o
 .data          0x000000000000101e        0x0 asm/x86-32/isr.o
 *fill*         0x000000000000101e        0x2 
 .data          0x0000000000001020        0xe src/dev/pic.o
                0x0000000000001020                p
 *fill*         0x000000000000102e        0x2 
 .data          0x0000000000001030        0x4 src/common.o
                0x0000000000001030                donemsg
 .data          0x0000000000001034        0x0 src/heap.o
 .data          0x0000000000001034        0x0 src/idt.o
 .data          0x0000000000001034        0x0 src/init.o
 .data          0x0000000000001034        0x0 src/io.o
 .data          0x0000000000001034        0x0 src/krnl_main.o
 .data          0x0000000000001034        0x0 src/mem.o
 .data          0x0000000000001034        0x0 src/panic.o
 .data          0x0000000000001034        0x2 src/vgatext.o
                0x0000000000001034                default_colour

.got            0x0000000000001038        0x0
 .got           0x0000000000001038        0x0 asm/x86-32/boot.o

.got.plt        0x0000000000001038        0x0
 .got.plt       0x0000000000001038        0x0 asm/x86-32/boot.o

.igot.plt       0x0000000000001038        0x0
 .igot.plt      0x0000000000001038        0x0 asm/x86-32/boot.o

.rodata         0x0000000000002000       0x16
 *(.rodata)
 .rodata        0x0000000000002000        0x4 src/panic.o
 .rodata        0x0000000000002004       0x12 src/vgatext.o

.rodata.str1.1  0x0000000000002016       0x36
 .rodata.str1.1
                0x0000000000002016        0x4 src/common.o
 .rodata.str1.1
                0x000000000000201a        0xe src/idt.o
 .rodata.str1.1
                0x0000000000002028        0xf src/mem.o
 .rodata.str1.1
                0x0000000000002037       0x15 src/panic.o

.rel.dyn        0x000000000000204c        0x0
 .rel.got       0x000000000000204c        0x0 asm/x86-32/boot.o
 .rel.iplt      0x000000000000204c        0x0 asm/x86-32/boot.o

.bss            0x0000000000003000      0x4a6
 *(COMMON)
 *(.bss)
 .bss           0x0000000000003000        0x0 asm/x86-32/boot.o
 .bss           0x0000000000003000        0x0 asm/x86-32/header.o
 .bss           0x0000000000003000        0x0 asm/x86-32/isr.o
 .bss           0x0000000000003000        0x0 src/dev/pic.o
 .bss           0x0000000000003000        0x0 src/common.o
 .bss           0x0000000000003000        0x0 src/heap.o
 .bss           0x0000000000003000      0x40e src/idt.o
                0x0000000000003000                krnl_idt
                0x0000000000003408                idtinf
 .bss           0x000000000000340e        0x0 src/init.o
 .bss           0x000000000000340e        0x0 src/io.o
 *fill*         0x000000000000340e       0x12 
 .bss           0x0000000000003420       0x78 src/krnl_main.o
                0x0000000000003420                globl_info
 .bss           0x0000000000003498        0xc src/mem.o
                0x000000000000349c                frames
                0x00000000000034a0                nframes
 .bss           0x00000000000034a4        0x0 src/panic.o
 .bss           0x00000000000034a4        0x2 src/vgatext.o
                0x00000000000034a4                cursorpos
                0x00000000000034a6                __krnl_end = .
LOAD asm/x86-32/boot.o
LOAD asm/x86-32/header.o
LOAD asm/x86-32/isr.o
LOAD /home/clement/opt/cross/lib/gcc/i686-elf/10.1.0/libgcc.a
LOAD src/dev/pic.o
LOAD src/common.o
LOAD src/heap.o
LOAD src/idt.o
LOAD src/init.o
LOAD src/io.o
LOAD src/krnl_main.o
LOAD src/mem.o
LOAD src/panic.o
LOAD src/vgatext.o
OUTPUT(vmvasily elf32-i386)

bss             0x0000000000000000     0x2000
 bss            0x0000000000000000     0x2000 asm/x86-32/boot.o

.comment        0x0000000000000000       0x12
 .comment       0x0000000000000000       0x12 src/dev/pic.o
                                         0x13 (size before relaxing)
 .comment       0x0000000000000012       0x13 src/common.o
 .comment       0x0000000000000012       0x13 src/heap.o
 .comment       0x0000000000000012       0x13 src/idt.o
 .comment       0x0000000000000012       0x13 src/init.o
 .comment       0x0000000000000012       0x13 src/io.o
 .comment       0x0000000000000012       0x13 src/krnl_main.o
 .comment       0x0000000000000012       0x13 src/mem.o
 .comment       0x0000000000000012       0x13 src/panic.o
 .comment       0x0000000000000012       0x13 src/vgatext.o
