
Memory Configuration

Name             Origin             Length             Attributes
*default*        0x0000000000000000 0xffffffffffffffff

Linker script and memory map

                0x0000000000000000                . = 0x0
                0x0000000000000000                __krnl_start = .

.text           0x0000000000000000     0x1381
 *(.multiboot)
 .multiboot     0x0000000000000000       0x30 asm/x86-32/header.o
 *(.text)
 .text          0x0000000000000030       0x5c asm/x86-32/boot.o
                0x0000000000000030                _start
 .text          0x000000000000008c        0x0 asm/x86-32/header.o
 .text          0x000000000000008c       0xe9 asm/x86-32/isr.o
                0x0000000000000094                pit_isr
                0x0000000000000162                key_isr
                0x000000000000016b                int_stub
                0x000000000000016c                irq_stub
 .text          0x0000000000000175        0x0 src/common.o
 *fill*         0x0000000000000175        0xb 
 .text          0x0000000000000180      0x839 src/heap.o
                0x00000000000001b0                k_heapBMInit
                0x00000000000001c0                k_heapBMAddBlock
                0x0000000000000270                k_heapBMGetBMSize
                0x0000000000000280                k_heapBMAddBlockEx
                0x0000000000000330                k_heapBMAllocBound
                0x0000000000000510                k_heapBMAlloc
                0x0000000000000530                k_heapBMSet
                0x0000000000000660                k_heapBMFree
                0x0000000000000700                khamalloc
                0x0000000000000750                khmalloc
                0x00000000000007a0                khfree
                0x00000000000007c0                khrealloc
                0x0000000000000830                kharealloc
                0x00000000000008a0                init_heap
 *fill*         0x00000000000009b9        0x7 
 .text          0x00000000000009c0      0x153 src/idt.o
                0x00000000000009c0                set_idt_entry
                0x0000000000000a00                init_idt
 *fill*         0x0000000000000b13        0xd 
 .text          0x0000000000000b20       0x25 src/init.o
                0x0000000000000b20                initialize_crap
 *fill*         0x0000000000000b45        0xb 
 .text          0x0000000000000b50       0x2a src/io.o
                0x0000000000000b50                outb
                0x0000000000000b60                inb
                0x0000000000000b70                io_wait
 *fill*         0x0000000000000b7a        0x6 
 .text          0x0000000000000b80       0x28 src/krnl_main.o
                0x0000000000000b80                krnl_main
 *fill*         0x0000000000000ba8        0x8 
 .text          0x0000000000000bb0      0x22f src/mem.o
                0x0000000000000bf0                set_usage_bitmap
                0x0000000000000c10                unset_usage_bitmap
                0x0000000000000c30                test_usage_bitmap
                0x0000000000000c60                find_first_from_bm
                0x0000000000000cf0                krnl_map_page
                0x0000000000000d30                init_paging
 *fill*         0x0000000000000ddf        0x1 
 .text          0x0000000000000de0       0x97 src/multitask.o
                0x0000000000000de0                init_multitask
 *fill*         0x0000000000000e77        0x9 
 .text          0x0000000000000e80       0x65 src/panic.o
                0x0000000000000e80                __internal_panic
 *fill*         0x0000000000000ee5        0xb 
 .text          0x0000000000000ef0      0x38b src/vgatext.o
                0x0000000000000ef0                buff_putchar
                0x0000000000000f20                set_term_colour
                0x0000000000000f30                text_scroll
                0x0000000000000fe0                putstring
                0x00000000000010f0                strlen
                0x0000000000001110                reverse
                0x0000000000001170                putunum
                0x0000000000001220                move_cursor
 *fill*         0x000000000000127b        0x5 
 .text          0x0000000000001280       0xf7 src/dev/pic.o
                0x0000000000001280                init_pic
 *fill*         0x0000000000001377        0x9 
 .text          0x0000000000001380        0x1 src/fs/vfs.o
                0x0000000000001380                init_vfs

.iplt           0x0000000000001381        0x0
 .iplt          0x0000000000001381        0x0 asm/x86-32/boot.o

.data           0x0000000000002000       0xda
 *(.data)
 .data          0x0000000000002000       0x36 asm/x86-32/boot.o
 .data          0x0000000000002036        0x0 asm/x86-32/header.o
 .data          0x0000000000002036        0x0 asm/x86-32/isr.o
 *fill*         0x0000000000002036        0x2 
 .data          0x0000000000002038        0x4 src/common.o
                0x0000000000002038                donemsg
 .data          0x000000000000203c        0x0 src/heap.o
 .data          0x000000000000203c        0x0 src/idt.o
 .data          0x000000000000203c        0x0 src/init.o
 .data          0x000000000000203c        0x0 src/io.o
 .data          0x000000000000203c        0x0 src/krnl_main.o
 .data          0x000000000000203c        0x0 src/mem.o
 *fill*         0x000000000000203c        0x4 
 .data          0x0000000000002040       0x88 src/multitask.o
                0x0000000000002040                kernel_task_name
                0x0000000000002060                sys_tss_table
 .data          0x00000000000020c8        0x0 src/panic.o
 .data          0x00000000000020c8        0x2 src/vgatext.o
                0x00000000000020c8                default_colour
 *fill*         0x00000000000020ca        0x2 
 .data          0x00000000000020cc        0xe src/dev/pic.o
                0x00000000000020cc                p
 .data          0x00000000000020da        0x0 src/fs/vfs.o

.got            0x00000000000020dc        0x0
 .got           0x00000000000020dc        0x0 asm/x86-32/boot.o

.got.plt        0x00000000000020dc        0x0
 .got.plt       0x00000000000020dc        0x0 asm/x86-32/boot.o

.igot.plt       0x00000000000020dc        0x0
 .igot.plt      0x00000000000020dc        0x0 asm/x86-32/boot.o

.rodata         0x0000000000003000       0x16
 *(.rodata)
 .rodata        0x0000000000003000        0x4 src/panic.o
 .rodata        0x0000000000003004       0x12 src/vgatext.o

.rodata.str1.1  0x0000000000003016       0xa8
 .rodata.str1.1
                0x0000000000003016        0x4 src/common.o
 .rodata.str1.1
                0x000000000000301a       0x50 src/heap.o
                                         0x54 (size before relaxing)
 .rodata.str1.1
                0x000000000000306a        0xe src/idt.o
 .rodata.str1.1
                0x0000000000003078       0x1d src/mem.o
 .rodata.str1.1
                0x0000000000003095       0x14 src/multitask.o
 .rodata.str1.1
                0x00000000000030a9       0x15 src/panic.o

.rel.dyn        0x00000000000030c0        0x0
 .rel.got       0x00000000000030c0        0x0 asm/x86-32/boot.o
 .rel.iplt      0x00000000000030c0        0x0 asm/x86-32/boot.o
 .rel.text      0x00000000000030c0        0x0 asm/x86-32/boot.o

.bss            0x0000000000004000      0x4de
 *(COMMON)
 *(.bss)
 .bss           0x0000000000004000        0x0 asm/x86-32/boot.o
 .bss           0x0000000000004000        0x0 asm/x86-32/header.o
 .bss           0x0000000000004000        0x0 asm/x86-32/isr.o
 .bss           0x0000000000004000        0x0 src/common.o
 .bss           0x0000000000004000        0x4 src/heap.o
                0x0000000000004000                system_heap
 *fill*         0x0000000000004004       0x1c 
 .bss           0x0000000000004020      0x40e src/idt.o
                0x0000000000004020                krnl_idt
                0x0000000000004428                idtinf
 .bss           0x000000000000442e        0x0 src/init.o
 .bss           0x000000000000442e        0x0 src/io.o
 *fill*         0x000000000000442e       0x12 
 .bss           0x0000000000004440       0x78 src/krnl_main.o
                0x0000000000004440                globl_info
 .bss           0x00000000000044b8       0x10 src/mem.o
                0x00000000000044b8                realloc_test
                0x00000000000044bc                krnl_pagedir
                0x00000000000044c0                kernel_page_usage_bitmap
                0x00000000000044c4                max_index
 .bss           0x00000000000044c8       0x14 src/multitask.o
                0x00000000000044c8                proc_id_counter
                0x00000000000044d0                current_task
                0x00000000000044d4                kernel_task
                0x00000000000044d8                enable_multitask
 .bss           0x00000000000044dc        0x0 src/panic.o
 .bss           0x00000000000044dc        0x2 src/vgatext.o
                0x00000000000044dc                cursorpos
 .bss           0x00000000000044de        0x0 src/dev/pic.o
 .bss           0x00000000000044de        0x0 src/fs/vfs.o
                0x00000000000084de                . = (. + 0x4000)
                0x000000000000c000                __krnl_end = ALIGN (0x4000)
LOAD asm/x86-32/boot.o
LOAD asm/x86-32/header.o
LOAD asm/x86-32/isr.o
LOAD /opt/cross/lib/gcc/i686-elf/11.2.0/libgcc.a
LOAD src/common.o
LOAD src/heap.o
LOAD src/idt.o
LOAD src/init.o
LOAD src/io.o
LOAD src/krnl_main.o
LOAD src/mem.o
LOAD src/multitask.o
LOAD src/panic.o
LOAD src/vgatext.o
LOAD src/dev/pic.o
LOAD src/fs/vfs.o
OUTPUT(vmvasily elf32-i386)

bss             0x0000000000000000     0x4000
 bss            0x0000000000000000     0x4000 asm/x86-32/boot.o

.comment        0x0000000000000000       0x24
 .comment       0x0000000000000000       0x12 src/common.o
                                         0x13 (size before relaxing)
 .comment       0x0000000000000012       0x13 src/heap.o
 .comment       0x0000000000000012       0x13 src/idt.o
 .comment       0x0000000000000012       0x13 src/init.o
 .comment       0x0000000000000012       0x13 src/io.o
 .comment       0x0000000000000012       0x13 src/krnl_main.o
 .comment       0x0000000000000012       0x13 src/mem.o
 .comment       0x0000000000000012       0x13 src/multitask.o
 .comment       0x0000000000000012       0x13 src/panic.o
 .comment       0x0000000000000012       0x13 src/vgatext.o
 .comment       0x0000000000000012       0x12 src/dev/pic.o
                                         0x13 (size before relaxing)
 .comment       0x0000000000000024       0x13 src/fs/vfs.o
