
Allocating common symbols
Common symbol       size              file

data                0x1fc             asm/x86-32/boot.o

Memory Configuration

Name             Origin             Length             Attributes
*default*        0x0000000000000000 0xffffffffffffffff

Linker script and memory map

                0x0000000000040000                . = 0x40000
                0x0000000000040000                __krnl_start = .

.text           0x0000000000040000     0xb621
 *(.multiboot)
 .multiboot     0x0000000000040000       0x30 asm/x86-32/header.o
 *(.text)
 .text          0x0000000000040030       0x5c asm/x86-32/boot.o
                0x0000000000040030                _start
 .text          0x000000000004008c        0x0 asm/x86-32/header.o
 .text          0x000000000004008c      0x309 asm/x86-32/isr.o
                0x0000000000040098                syscall_sr
                0x00000000000400b4                pit_isr
                0x00000000000401cb                key_isr
                0x00000000000401e7                int_stub
                0x00000000000401e8                irq_stub
                0x00000000000401f1                err_code
                0x00000000000401f9                error_0
                0x0000000000040206                error_2
                0x0000000000040213                error_3
                0x0000000000040220                error_4
                0x000000000004022d                error_5
                0x000000000004023a                error_6
                0x000000000004027f                error_7
                0x000000000004028c                error_8
                0x0000000000040299                error_10
                0x00000000000402a6                error_11
                0x00000000000402b3                error_12
                0x00000000000402c0                error_13
                0x00000000000402cd                error_14
                0x0000000000040314                error_17
                0x0000000000040321                error_18
                0x000000000004032e                error_19
                0x000000000004033b                error_20
                0x0000000000040348                error_21
                0x0000000000040355                error_28
                0x0000000000040362                error_29
                0x000000000004036f                error_30
                0x0000000000040387                atapi_isr
 .text          0x0000000000040395        0x0 asm/x86-32/string.o
 .text          0x0000000000040395        0x0 src/common.o
 *fill*         0x0000000000040395        0xb 
 .text          0x00000000000403a0      0x4d6 src/errorscn.o
                0x00000000000403a0                exception_handler
 *fill*         0x0000000000040876        0xa 
 .text          0x0000000000040880     0x1c0f src/heap.o
                0x0000000000040880                k_heapBMInit
                0x0000000000040890                k_heapBMAddBlock
                0x0000000000040cb0                k_heapBMGetBMSize
                0x0000000000040cc0                k_heapBMAddBlockEx
                0x00000000000410b0                k_heapBMAllocBound
                0x00000000000415e0                k_heapBMAlloc
                0x0000000000041610                k_heapBMSet
                0x00000000000418e0                k_heapBMFree
                0x0000000000041ab0                khamalloc
                0x0000000000041b10                khmalloc
                0x0000000000041b70                khfree
                0x0000000000041d40                khrealloc
                0x0000000000041f80                kharealloc
                0x00000000000421c0                init_heap
 *fill*         0x000000000004248f        0x1 
 .text          0x0000000000042490      0x77e src/idt.o
                0x0000000000042490                set_idt_entry
                0x00000000000424d0                init_idt
 *fill*         0x0000000000042c0e        0x2 
 .text          0x0000000000042c10       0x47 src/init.o
                0x0000000000042c10                initialize_crap
 *fill*         0x0000000000042c57        0x9 
 .text          0x0000000000042c60       0x6a src/io.o
                0x0000000000042c60                outb
                0x0000000000042c70                inb
                0x0000000000042c80                outl
                0x0000000000042c90                inl
                0x0000000000042ca0                insl
                0x0000000000042cc0                io_wait
 *fill*         0x0000000000042cca        0x6 
 .text          0x0000000000042cd0       0x3e src/krnl_main.o
                0x0000000000042cd0                krnl_main
 *fill*         0x0000000000042d0e        0x2 
 .text          0x0000000000042d10      0x5d2 src/mem.o
                0x0000000000042d30                set_usage_bitmap
                0x0000000000042d50                unset_usage_bitmap
                0x0000000000042d70                test_usage_bitmap
                0x0000000000042da0                find_first_from_bm
                0x0000000000042f90                krnl_map_page
                0x0000000000042ff0                krnl_map_page_debug
                0x0000000000043050                init_paging
 *fill*         0x00000000000432e2        0xe 
 .text          0x00000000000432f0       0x8c src/multitask.o
                0x00000000000432f0                init_multitask
 *fill*         0x000000000004337c        0x4 
 .text          0x0000000000043380       0x76 src/panic.o
                0x0000000000043380                __internal_panic
 *fill*         0x00000000000433f6        0xa 
 .text          0x0000000000043400      0xb28 src/string.o
                0x0000000000043400                strlen
                0x0000000000043420                memcpy
                0x0000000000043cb0                memset
                0x0000000000043e60                strcpy
                0x0000000000043ee0                strcmp
 *fill*         0x0000000000043f28        0x8 
 .text          0x0000000000043f30       0x38 src/syscall.o
                0x0000000000043f30                c_syscall
 *fill*         0x0000000000043f68        0x8 
 .text          0x0000000000043f70     0x1a9d src/vgatext.o
                0x0000000000044170                set_term_colour
                0x0000000000044180                putpixel
                0x00000000000441f0                buf_flush
                0x0000000000044430                text_scroll
                0x0000000000044a60                putstring
                0x0000000000044f10                putstring_xy
                0x00000000000451e0                reverse
                0x0000000000045230                putunum
                0x00000000000452e0                putunum_xy
                0x00000000000456e0                move_cursor
                0x0000000000045870                init_vga
 *fill*         0x0000000000045a0d        0x3 
 .text          0x0000000000045a10     0x3134 src/dev/ide.o
                0x0000000000045a10                ide_atapi_wait
                0x0000000000045a50                getchannel
                0x0000000000045aa0                ide_write
                0x0000000000045c40                ide_read
                0x0000000000045d30                ide_read_buffer
                0x0000000000045ec0                ide_polling
                0x0000000000045f50                ide_ata_access
                0x00000000000469e0                ide_wait_irq
                0x0000000000047020                ide_atapi_read
                0x00000000000473d0                ide_read_sectors
                0x00000000000477c0                ide_devfs_read
                0x00000000000478d0                ide_write_sectors
                0x0000000000047b40                ide_devfs_write
                0x0000000000047ca0                init_ide
 *fill*         0x0000000000048b44        0xc 
 .text          0x0000000000048b50      0x1c1 src/dev/keyboard.o
                0x0000000000048b50                keyboard_handler
 *fill*         0x0000000000048d11        0xf 
 .text          0x0000000000048d20      0x696 src/dev/pci.o
                0x0000000000048d20                readconfword
                0x0000000000048d90                readconfword32
                0x0000000000048de0                chkdev
                0x0000000000048ee0                chkfunc
                0x0000000000049100                chkbus
                0x00000000000491a0                init_pci
 *fill*         0x00000000000493b6        0xa 
 .text          0x00000000000493c0      0x14b src/dev/pic.o
                0x00000000000493c0                init_pic
 *fill*         0x000000000004950b        0x5 
 .text          0x0000000000049510     0x1c4c src/dev/sata.o
                0x0000000000049510                sata_irq
                0x000000000004a130                sata_devfs_read
                0x000000000004a280                sata_write
                0x000000000004a690                sata_devfs_write
                0x000000000004a7e0                sata_read
                0x000000000004a850                find_cmdslot
                0x000000000004aa10                port_rebase
                0x000000000004ac90                start_cmd
                0x000000000004acc0                stop_cmd
                0x000000000004acf0                init_sata
 *fill*         0x000000000004b15c        0x4 
 .text          0x000000000004b160      0x24b src/fs/devfs.o
                0x000000000004b160                devfs_open
                0x000000000004b1d0                devfs_close
                0x000000000004b1f0                devfs_readdir
                0x000000000004b200                devfs_read
                0x000000000004b220                devfs_write
                0x000000000004b240                devfs_finddir
                0x000000000004b250                devfs_int_creat
                0x000000000004b340                devfs_init
 *fill*         0x000000000004b3ab        0x5 
 .text          0x000000000004b3b0        0x1 src/fs/fat.o
                0x000000000004b3b0                init_fat
 *fill*         0x000000000004b3b1        0xf 
 .text          0x000000000004b3c0       0xd7 src/fs/mbr.o
                0x000000000004b3c0                init_mbr
 *fill*         0x000000000004b497        0x9 
 .text          0x000000000004b4a0      0x181 src/fs/vfs.o
                0x000000000004b4a0                open
                0x000000000004b4c0                close
                0x000000000004b4e0                read
                0x000000000004b4f0                readdir
                0x000000000004b500                finddir
                0x000000000004b560                write
                0x000000000004b570                init_vfs
                0x000000000004b610                fd_node_find

.iplt           0x000000000004b621        0x0
 .iplt          0x000000000004b621        0x0 asm/x86-32/boot.o

.text.unlikely  0x000000000004b621       0xf9
 .text.unlikely
                0x000000000004b621       0xf9 src/dev/ide.o

.data           0x000000000004c000     0x30fa
 *(.data)
 .data          0x000000000004c000       0x4c asm/x86-32/boot.o
                0x000000000004c000                gdt_info
 .data          0x000000000004c04c        0x0 asm/x86-32/header.o
 .data          0x000000000004c04c        0x0 asm/x86-32/isr.o
 .data          0x000000000004c04c        0x0 asm/x86-32/string.o
 .data          0x000000000004c04c        0x8 src/common.o
                0x000000000004c04c                donemsg
                0x000000000004c050                donemsg_str
 *fill*         0x000000000004c054        0xc 
 .data          0x000000000004c060      0xfac src/errorscn.o
                0x000000000004c060                _home_clement_Documents_crash_tga
 .data          0x000000000004d00c        0x0 src/heap.o
 .data          0x000000000004d00c        0x0 src/idt.o
 .data          0x000000000004d00c        0x0 src/init.o
 .data          0x000000000004d00c        0x0 src/io.o
 .data          0x000000000004d00c        0x0 src/krnl_main.o
 .data          0x000000000004d00c        0x0 src/mem.o
 *fill*         0x000000000004d00c       0x14 
 .data          0x000000000004d020       0x88 src/multitask.o
                0x000000000004d020                kernel_task_name
                0x000000000004d040                sys_tss_table
 .data          0x000000000004d0a8        0x0 src/panic.o
 .data          0x000000000004d0a8        0x0 src/string.o
 .data          0x000000000004d0a8        0x0 src/syscall.o
 *fill*         0x000000000004d0a8       0x18 
 .data          0x000000000004d0c0     0x2020 src/vgatext.o
                0x000000000004d0c0                default_colour
                0x000000000004d0c4                enable_log
                0x000000000004d0c8                istext
                0x000000000004d0cc                gres
                0x000000000004d0d4                tres
                0x000000000004d0e0                textmode_lookup
                0x000000000004d120                booticon_tga
                0x000000000004e0e0                vga_font
 .data          0x000000000004f0e0        0xc src/dev/ide.o
 .data          0x000000000004f0ec        0x0 src/dev/keyboard.o
 .data          0x000000000004f0ec        0x0 src/dev/pci.o
 .data          0x000000000004f0ec        0xe src/dev/pic.o
                0x000000000004f0ec                p
 .data          0x000000000004f0fa        0x0 src/dev/sata.o
 .data          0x000000000004f0fa        0x0 src/fs/devfs.o
 .data          0x000000000004f0fa        0x0 src/fs/fat.o
 .data          0x000000000004f0fa        0x0 src/fs/mbr.o
 .data          0x000000000004f0fa        0x0 src/fs/vfs.o

.got            0x000000000004f0fc        0x0
 .got           0x000000000004f0fc        0x0 asm/x86-32/boot.o

.got.plt        0x000000000004f0fc        0x0
 .got.plt       0x000000000004f0fc        0x0 asm/x86-32/boot.o

.igot.plt       0x000000000004f0fc        0x0
 .igot.plt      0x000000000004f0fc        0x0 asm/x86-32/boot.o

.bss            0x0000000000050000      0xf3c
 *(COMMON)
 COMMON         0x0000000000050000      0x1fc asm/x86-32/boot.o
                0x0000000000050000                data
 *(.bss)
 .bss           0x00000000000501fc        0x0 asm/x86-32/boot.o
 .bss           0x00000000000501fc        0x0 asm/x86-32/header.o
 .bss           0x00000000000501fc        0x0 asm/x86-32/isr.o
 .bss           0x00000000000501fc        0x0 asm/x86-32/string.o
 .bss           0x00000000000501fc        0x0 src/common.o
 .bss           0x00000000000501fc        0x0 src/errorscn.o
 .bss           0x00000000000501fc        0x4 src/heap.o
                0x00000000000501fc                system_heap
 .bss           0x0000000000050200      0x40e src/idt.o
                0x0000000000050200                krnl_idt
                0x0000000000050608                idtinf
 .bss           0x000000000005060e        0x0 src/init.o
 .bss           0x000000000005060e        0x0 src/io.o
 *fill*         0x000000000005060e       0x12 
 .bss           0x0000000000050620       0x78 src/krnl_main.o
                0x0000000000050620                globl_info
 .bss           0x0000000000050698       0x10 src/mem.o
                0x0000000000050698                realloc_test
                0x000000000005069c                krnl_pagedir
                0x00000000000506a0                kernel_page_usage_bitmap
                0x00000000000506a4                max_index
 .bss           0x00000000000506a8       0x14 src/multitask.o
                0x00000000000506a8                proc_id_counter
                0x00000000000506b0                current_task
                0x00000000000506b4                kernel_task
                0x00000000000506b8                enable_multitask
 .bss           0x00000000000506bc        0x0 src/panic.o
 .bss           0x00000000000506bc        0x0 src/string.o
 .bss           0x00000000000506bc        0x0 src/syscall.o
 .bss           0x00000000000506bc       0x18 src/vgatext.o
                0x00000000000506bc                prevcursorpos
                0x00000000000506c4                cursorpos
                0x00000000000506cc                buf_curpos
                0x00000000000506d0                buf_ptr
 *fill*         0x00000000000506d4        0xc 
 .bss           0x00000000000506e0      0x830 src/dev/ide.o
                0x00000000000506e0                drive_counter
                0x00000000000506e4                es_bac
                0x00000000000506e8                ide_irq_invoked
                0x0000000000050700                ide_buf
                0x0000000000050f00                ideit
                0x0000000000050f04                idechannelroot
                0x0000000000050f08                idectrl_id_count
                0x0000000000050f0c                dev_it
 .bss           0x0000000000050f10        0x4 src/dev/keyboard.o
                0x0000000000050f10                e0_mode
 .bss           0x0000000000050f14        0x8 src/dev/pci.o
                0x0000000000050f14                it
                0x0000000000050f18                pciroot
 .bss           0x0000000000050f1c        0x0 src/dev/pic.o
 .bss           0x0000000000050f1c       0x10 src/dev/sata.o
                0x0000000000050f1c                controller_count
                0x0000000000050f20                satroot
                0x0000000000050f24                AHCI_BASE
 .bss           0x0000000000050f2c        0x8 src/fs/devfs.o
                0x0000000000050f2c                devfs_root
                0x0000000000050f30                inodecounter
 .bss           0x0000000000050f34        0x0 src/fs/fat.o
 .bss           0x0000000000050f34        0x4 src/fs/mbr.o
                0x0000000000050f34                mbr
 .bss           0x0000000000050f38        0x4 src/fs/vfs.o
                0x0000000000050f38                memroot

.rodata         0x0000000000051000       0x98
 *(.rodata)
 .rodata        0x0000000000051000       0x32 src/vgatext.o
 .rodata        0x0000000000051032       0x66 src/dev/ide.o

.rodata.str1.1  0x0000000000051098      0x160
 .rodata.str1.1
                0x0000000000051098       0x32 src/errorscn.o
 .rodata.str1.1
                0x00000000000510ca       0x36 src/heap.o
 .rodata.str1.1
                0x0000000000051100        0xe src/idt.o
 .rodata.str1.1
                0x000000000005110e       0x11 src/krnl_main.o
 .rodata.str1.1
                0x000000000005111f       0x1d src/mem.o
 .rodata.str1.1
                0x000000000005113c       0x14 src/multitask.o
 .rodata.str1.1
                0x0000000000051150        0xe src/dev/pci.o
 .rodata.str1.1
                0x000000000005115e       0x76 src/dev/sata.o
                                         0x78 (size before relaxing)
 .rodata.str1.1
                0x00000000000511d4       0x10 src/fs/mbr.o
 .rodata.str1.1
                0x00000000000511e4       0x14 src/fs/vfs.o

.rodata.str1.4  0x00000000000511f8       0x47
 .rodata.str1.4
                0x00000000000511f8       0x47 src/dev/sata.o
                0x000000000005223f                . = (. + 0x1000)
                0x0000000000054000                __krnl_end = ALIGN (0x4000)
LOAD asm/x86-32/boot.o
LOAD asm/x86-32/header.o
LOAD asm/x86-32/isr.o
LOAD asm/x86-32/string.o
LOAD /home/clement/opt/cross/bin/../lib/gcc/i686-elf/11.2.0/libgcc.a
LOAD src/common.o
LOAD src/errorscn.o
LOAD src/heap.o
LOAD src/idt.o
LOAD src/init.o
LOAD src/io.o
LOAD src/krnl_main.o
LOAD src/mem.o
LOAD src/multitask.o
LOAD src/panic.o
LOAD src/string.o
LOAD src/syscall.o
LOAD src/vgatext.o
LOAD src/dev/ide.o
LOAD src/dev/keyboard.o
LOAD src/dev/pci.o
LOAD src/dev/pic.o
LOAD src/dev/sata.o
LOAD src/fs/devfs.o
LOAD src/fs/fat.o
LOAD src/fs/mbr.o
LOAD src/fs/vfs.o
OUTPUT(vmvasily elf32-i386)

.rel.dyn        0x0000000000052240        0x0
 .rel.got       0x0000000000052240        0x0 asm/x86-32/boot.o
 .rel.iplt      0x0000000000052240        0x0 asm/x86-32/boot.o
 .rel.text      0x0000000000052240        0x0 asm/x86-32/boot.o

bss             0x0000000000000000     0x8004
 bss            0x0000000000000000     0x8004 asm/x86-32/boot.o
                0x0000000000008000                vbe_struct

.comment        0x0000000000000000       0x12
 .comment       0x0000000000000000       0x12 src/common.o
                                         0x13 (size before relaxing)
 .comment       0x0000000000000012       0x13 src/errorscn.o
 .comment       0x0000000000000012       0x13 src/heap.o
 .comment       0x0000000000000012       0x13 src/idt.o
 .comment       0x0000000000000012       0x13 src/init.o
 .comment       0x0000000000000012       0x13 src/io.o
 .comment       0x0000000000000012       0x13 src/krnl_main.o
 .comment       0x0000000000000012       0x13 src/mem.o
 .comment       0x0000000000000012       0x13 src/multitask.o
 .comment       0x0000000000000012       0x13 src/panic.o
 .comment       0x0000000000000012       0x13 src/string.o
 .comment       0x0000000000000012       0x13 src/syscall.o
 .comment       0x0000000000000012       0x13 src/vgatext.o
 .comment       0x0000000000000012       0x13 src/dev/ide.o
 .comment       0x0000000000000012       0x13 src/dev/keyboard.o
 .comment       0x0000000000000012       0x13 src/dev/pci.o
 .comment       0x0000000000000012       0x13 src/dev/pic.o
 .comment       0x0000000000000012       0x13 src/dev/sata.o
 .comment       0x0000000000000012       0x13 src/fs/devfs.o
 .comment       0x0000000000000012       0x13 src/fs/fat.o
 .comment       0x0000000000000012       0x13 src/fs/mbr.o
 .comment       0x0000000000000012       0x13 src/fs/vfs.o
