
Allocating common symbols
Common symbol       size              file

data                0x1fc             asm/x86-32/boot.o

Memory Configuration

Name             Origin             Length             Attributes
*default*        0x0000000000000000 0xffffffffffffffff

Linker script and memory map

                0x0000000000040000                . = 0x40000
                0x0000000000040000                __krnl_start = .

.text           0x0000000000040000     0x5131
 *(.multiboot)
 .multiboot     0x0000000000040000       0x30 asm/x86-32/header.o
 *(.text)
 .text          0x0000000000040030       0x5c asm/x86-32/boot.o
                0x0000000000040030                _start
 .text          0x000000000004008c        0x0 asm/x86-32/header.o
 .text          0x000000000004008c      0x2cf asm/x86-32/isr.o
                0x0000000000040098                syscall_sr
                0x00000000000400b4                pit_isr
                0x00000000000401cb                key_isr
                0x00000000000401e7                int_stub
                0x00000000000401e8                irq_stub
                0x00000000000401f1                err_code
                0x00000000000401f9                error_0
                0x0000000000040206                error_2
                0x0000000000040213                error_3
                0x0000000000040220                error_4
                0x000000000004022d                error_5
                0x000000000004023a                error_6
                0x000000000004027f                error_7
                0x000000000004028c                error_8
                0x0000000000040299                error_10
                0x00000000000402a6                error_11
                0x00000000000402b3                error_12
                0x00000000000402c0                error_13
                0x00000000000402cd                error_14
                0x00000000000402da                error_17
                0x00000000000402e7                error_18
                0x00000000000402f4                error_19
                0x0000000000040301                error_20
                0x000000000004030e                error_21
                0x000000000004031b                error_28
                0x0000000000040328                error_29
                0x0000000000040335                error_30
                0x000000000004034d                atapi_isr
 .text          0x000000000004035b       0x3c asm/x86-32/string.o
                0x000000000004035b                memset
                0x0000000000040371                memcpy
                0x0000000000040383                strcpy
 .text          0x0000000000040397        0x0 src/common.o
 .text          0x0000000000040397      0x41a src/errorscn.o
                0x0000000000040397                exception_handler
 .text          0x00000000000407b1      0x7f2 src/heap.o
                0x00000000000407b1                k_heapBMInit
                0x00000000000407c0                k_heapBMAddBlock
                0x0000000000040815                k_heapBMGetBMSize
                0x0000000000040825                k_heapBMAddBlockEx
                0x0000000000040940                k_heapBMAlloc
                0x0000000000040964                k_heapBMAllocBound
                0x0000000000040b87                k_heapBMSet
                0x0000000000040d3e                k_heapBMFree
                0x0000000000040e26                khamalloc
                0x0000000000040e73                khmalloc
                0x0000000000040eb8                khfree
                0x0000000000040ed6                khrealloc
                0x0000000000040f15                kharealloc
                0x0000000000040f54                init_heap
 .text          0x0000000000040fa3      0x4af src/idt.o
                0x0000000000040fa3                set_idt_entry
                0x0000000000040ffe                init_idt
 .text          0x0000000000041452       0x42 src/init.o
                0x0000000000041452                initialize_crap
 .text          0x0000000000041494       0xa8 src/io.o
                0x0000000000041494                outb
                0x00000000000414b6                inb
                0x00000000000414d4                outl
                0x00000000000414ed                inl
                0x0000000000041511                insl
                0x000000000004152d                io_wait
 .text          0x000000000004153c       0x3f src/krnl_main.o
                0x000000000004153c                krnl_main
 .text          0x000000000004157b      0x3d7 src/mem.o
                0x000000000004157b                set_usage_bitmap
                0x00000000000415bd                unset_usage_bitmap
                0x00000000000415fe                test_usage_bitmap
                0x0000000000041634                find_first_from_bm
                0x00000000000416d3                krnl_map_page
                0x00000000000417f2                init_paging
 .text          0x0000000000041952       0xb0 src/multitask.o
                0x0000000000041952                init_multitask
 .text          0x0000000000041a02       0x90 src/panic.o
                0x0000000000041a02                __internal_panic
 .text          0x0000000000041a92       0x28 src/string.o
                0x0000000000041a92                strlen
 .text          0x0000000000041aba       0x27 src/syscall.o
                0x0000000000041aba                c_syscall
 .text          0x0000000000041ae1      0xa02 src/vgatext.o
                0x0000000000041ae1                buff_putchar
                0x0000000000041b31                set_term_colour
                0x0000000000041b4c                putpixel
                0x0000000000041bc3                drawchar
                0x0000000000041cc6                buf_flush
                0x0000000000041e01                text_scroll
                0x0000000000041f10                putstring
                0x0000000000042036                putstring_xy
                0x00000000000420e5                reverse
                0x0000000000042148                putunum
                0x00000000000421bd                putunum_xy
                0x0000000000042285                move_cursor
                0x0000000000042368                init_vga
 .text          0x00000000000424e3     0x1e89 src/dev/ide.o
                0x00000000000424e3                getchannel
                0x0000000000042530                ide_read_buffer
                0x0000000000042672                ide_read
                0x000000000004278f                ide_write
                0x00000000000428c1                ide_polling
                0x0000000000042953                ide_ata_access
                0x0000000000043018                ide_wait_irq
                0x0000000000043031                ide_atapi_wait
                0x0000000000043062                ide_atapi_read
                0x00000000000432e7                ide_read_sectors
                0x000000000004352b                ide_write_sectors
                0x00000000000436cd                ide_devfs_read
                0x000000000004372a                ide_devfs_write
                0x0000000000043784                ctrl_init
                0x0000000000043ff3                init_ide
 .text          0x000000000004436c      0x188 src/dev/keyboard.o
                0x000000000004436c                keyboard_handler
 .text          0x00000000000444f4      0x62d src/dev/pci.o
                0x00000000000444f4                readconfword
                0x000000000004459d                chkfunc
                0x0000000000044768                chkdev
                0x000000000004486e                chkbus
                0x00000000000448a3                init_pci
 .text          0x0000000000044b21      0x140 src/dev/pic.o
                0x0000000000044b21                init_pic
 .text          0x0000000000044c61       0xca src/dev/sata.o
                0x0000000000044c61                init_sata
 .text          0x0000000000044d2b      0x2e2 src/fs/devfs.o
                0x0000000000044d2b                devfs_open
                0x0000000000044d78                devfs_close
                0x0000000000044d95                devfs_readdir
                0x0000000000044d9b                devfs_read
                0x0000000000044dd4                devfs_write
                0x0000000000044e0d                devfs_finddir
                0x0000000000044e13                devfs_int_creat
                0x0000000000044f58                devfs_init
 .text          0x000000000004500d        0x6 src/fs/fat.o
                0x000000000004500d                init_fat
 .text          0x0000000000045013      0x11e src/fs/vfs.o
                0x0000000000045013                init_vfs
                0x00000000000450e1                fd_node_find
                0x00000000000450f5                open
                0x00000000000450ff                close
                0x0000000000045109                read
                0x0000000000045113                write
                0x000000000004511d                readdir
                0x0000000000045127                finddir

.iplt           0x0000000000045131        0x0
 .iplt          0x0000000000045131        0x0 asm/x86-32/boot.o

.data           0x0000000000046000     0x30d6
 *(.data)
 .data          0x0000000000046000       0x4c asm/x86-32/boot.o
                0x0000000000046000                gdt_info
 .data          0x000000000004604c        0x0 asm/x86-32/header.o
 .data          0x000000000004604c        0x0 asm/x86-32/isr.o
 .data          0x000000000004604c        0x0 asm/x86-32/string.o
 .data          0x000000000004604c        0x8 src/common.o
                0x000000000004604c                donemsg_str
                0x0000000000046050                donemsg
 *fill*         0x0000000000046054        0xc 
 .data          0x0000000000046060      0xfac src/errorscn.o
                0x0000000000046060                _home_clement_Documents_crash_tga
 .data          0x000000000004700c        0x0 src/heap.o
 .data          0x000000000004700c        0x0 src/idt.o
 .data          0x000000000004700c        0x0 src/init.o
 .data          0x000000000004700c        0x0 src/io.o
 .data          0x000000000004700c        0x0 src/krnl_main.o
 .data          0x000000000004700c        0x0 src/mem.o
 *fill*         0x000000000004700c       0x14 
 .data          0x0000000000047020       0x71 src/multitask.o
                0x0000000000047020                sys_tss_table
                0x0000000000047088                kernel_task_name
 .data          0x0000000000047091        0x0 src/panic.o
 .data          0x0000000000047091        0x0 src/string.o
 .data          0x0000000000047091        0x0 src/syscall.o
 *fill*         0x0000000000047091        0xf 
 .data          0x00000000000470a0     0x201a src/vgatext.o
                0x00000000000470a0                vga_font
                0x00000000000480a0                booticon_tga
                0x0000000000049060                textmode_lookup
                0x00000000000490a0                tres
                0x00000000000490a8                gres
                0x00000000000490b0                istext
                0x00000000000490b4                enable_log
                0x00000000000490b8                default_colour
 *fill*         0x00000000000490ba        0x2 
 .data          0x00000000000490bc        0xc src/dev/ide.o
 .data          0x00000000000490c8        0x0 src/dev/keyboard.o
 .data          0x00000000000490c8        0x0 src/dev/pci.o
 .data          0x00000000000490c8        0xe src/dev/pic.o
                0x00000000000490c8                p
 .data          0x00000000000490d6        0x0 src/dev/sata.o
 .data          0x00000000000490d6        0x0 src/fs/devfs.o
 .data          0x00000000000490d6        0x0 src/fs/fat.o
 .data          0x00000000000490d6        0x0 src/fs/vfs.o

.got            0x00000000000490d8        0x0
 .got           0x00000000000490d8        0x0 asm/x86-32/boot.o

.got.plt        0x00000000000490d8        0x0
 .got.plt       0x00000000000490d8        0x0 asm/x86-32/boot.o

.igot.plt       0x00000000000490d8        0x0
 .igot.plt      0x00000000000490d8        0x0 asm/x86-32/boot.o

.bss            0x000000000004a000      0xf44
 *(COMMON)
 COMMON         0x000000000004a000      0x1fc asm/x86-32/boot.o
                0x000000000004a000                data
 *(.bss)
 .bss           0x000000000004a1fc        0x0 asm/x86-32/boot.o
 .bss           0x000000000004a1fc        0x0 asm/x86-32/header.o
 .bss           0x000000000004a1fc        0x0 asm/x86-32/isr.o
 .bss           0x000000000004a1fc        0x0 asm/x86-32/string.o
 .bss           0x000000000004a1fc        0x0 src/common.o
 .bss           0x000000000004a1fc        0x0 src/errorscn.o
 .bss           0x000000000004a1fc        0x4 src/heap.o
                0x000000000004a1fc                system_heap
 .bss           0x000000000004a200      0x428 src/idt.o
                0x000000000004a200                idtinf
                0x000000000004a220                krnl_idt
 .bss           0x000000000004a628        0x0 src/init.o
 .bss           0x000000000004a628        0x0 src/io.o
 *fill*         0x000000000004a628       0x18 
 .bss           0x000000000004a640       0x78 src/krnl_main.o
                0x000000000004a640                globl_info
 .bss           0x000000000004a6b8       0x10 src/mem.o
                0x000000000004a6b8                max_index
                0x000000000004a6bc                kernel_page_usage_bitmap
                0x000000000004a6c0                krnl_pagedir
                0x000000000004a6c4                realloc_test
 .bss           0x000000000004a6c8       0x18 src/multitask.o
                0x000000000004a6c8                enable_multitask
                0x000000000004a6cc                kernel_task
                0x000000000004a6d0                current_task
                0x000000000004a6d8                proc_id_counter
 .bss           0x000000000004a6e0        0x0 src/panic.o
 .bss           0x000000000004a6e0        0x0 src/string.o
 .bss           0x000000000004a6e0        0x0 src/syscall.o
 .bss           0x000000000004a6e0       0x18 src/vgatext.o
                0x000000000004a6e0                buf_ptr
                0x000000000004a6e4                buf_curpos
                0x000000000004a6e8                cursorpos
                0x000000000004a6f0                prevcursorpos
 *fill*         0x000000000004a6f8        0x8 
 .bss           0x000000000004a700      0x82c src/dev/ide.o
                0x000000000004a700                dev_it
                0x000000000004a704                idectrl_id_count
                0x000000000004a708                idechannelroot
                0x000000000004a70c                ideit
                0x000000000004a720                ide_buf
                0x000000000004af20                ide_irq_invoked
                0x000000000004af24                es_bac
                0x000000000004af28                drive_counter
 .bss           0x000000000004af2c        0x4 src/dev/keyboard.o
                0x000000000004af2c                e0_mode
 .bss           0x000000000004af30        0x8 src/dev/pci.o
                0x000000000004af30                pciroot
                0x000000000004af34                it
 .bss           0x000000000004af38        0x0 src/dev/pic.o
 .bss           0x000000000004af38        0x0 src/dev/sata.o
 .bss           0x000000000004af38        0x8 src/fs/devfs.o
                0x000000000004af38                inodecounter
                0x000000000004af3c                devfs_root
 .bss           0x000000000004af40        0x0 src/fs/fat.o
 .bss           0x000000000004af40        0x4 src/fs/vfs.o
                0x000000000004af40                memroot

.rodata         0x000000000004b000      0x214
 *(.rodata)
 .rodata        0x000000000004b000       0x32 src/errorscn.o
 .rodata        0x000000000004b032       0x36 src/heap.o
 .rodata        0x000000000004b068        0xe src/idt.o
 .rodata        0x000000000004b076       0x11 src/krnl_main.o
 .rodata        0x000000000004b087       0x1d src/mem.o
 .rodata        0x000000000004b0a4       0x14 src/multitask.o
 *fill*         0x000000000004b0b8        0x8 
 .rodata        0x000000000004b0c0       0x32 src/vgatext.o
 .rodata        0x000000000004b0f2       0x66 src/dev/ide.o
 .rodata        0x000000000004b158       0x69 src/dev/pci.o
 *fill*         0x000000000004b1c1        0x3 
 .rodata        0x000000000004b1c4       0x3c src/dev/sata.o
 .rodata        0x000000000004b200       0x14 src/fs/vfs.o
                0x000000000004c214                . = (. + 0x1000)
                0x0000000000050000                __krnl_end = ALIGN (0x4000)
LOAD asm/x86-32/boot.o
LOAD asm/x86-32/header.o
LOAD asm/x86-32/isr.o
LOAD asm/x86-32/string.o
LOAD /home/clement/opt/cross/bin/../lib/gcc/i686-elf/11.2.0/libgcc.a
LOAD src/common.o
LOAD src/errorscn.o
LOAD src/heap.o
LOAD src/idt.o
LOAD src/init.o
LOAD src/io.o
LOAD src/krnl_main.o
LOAD src/mem.o
LOAD src/multitask.o
LOAD src/panic.o
LOAD src/string.o
LOAD src/syscall.o
LOAD src/vgatext.o
LOAD src/dev/ide.o
LOAD src/dev/keyboard.o
LOAD src/dev/pci.o
LOAD src/dev/pic.o
LOAD src/dev/sata.o
LOAD src/fs/devfs.o
LOAD src/fs/fat.o
LOAD src/fs/vfs.o
OUTPUT(vmvasily elf32-i386)

.rel.dyn        0x000000000004c214        0x0
 .rel.got       0x000000000004c214        0x0 asm/x86-32/boot.o
 .rel.iplt      0x000000000004c214        0x0 asm/x86-32/boot.o
 .rel.text      0x000000000004c214        0x0 asm/x86-32/boot.o

bss             0x0000000000000000     0x8004
 bss            0x0000000000000000     0x8004 asm/x86-32/boot.o
                0x0000000000008000                vbe_struct

.comment        0x0000000000000000       0x12
 .comment       0x0000000000000000       0x12 src/common.o
                                         0x13 (size before relaxing)
 .comment       0x0000000000000012       0x13 src/errorscn.o
 .comment       0x0000000000000012       0x13 src/heap.o
 .comment       0x0000000000000012       0x13 src/idt.o
 .comment       0x0000000000000012       0x13 src/init.o
 .comment       0x0000000000000012       0x13 src/io.o
 .comment       0x0000000000000012       0x13 src/krnl_main.o
 .comment       0x0000000000000012       0x13 src/mem.o
 .comment       0x0000000000000012       0x13 src/multitask.o
 .comment       0x0000000000000012       0x13 src/panic.o
 .comment       0x0000000000000012       0x13 src/string.o
 .comment       0x0000000000000012       0x13 src/syscall.o
 .comment       0x0000000000000012       0x13 src/vgatext.o
 .comment       0x0000000000000012       0x13 src/dev/ide.o
 .comment       0x0000000000000012       0x13 src/dev/keyboard.o
 .comment       0x0000000000000012       0x13 src/dev/pci.o
 .comment       0x0000000000000012       0x13 src/dev/pic.o
 .comment       0x0000000000000012       0x13 src/dev/sata.o
 .comment       0x0000000000000012       0x13 src/fs/devfs.o
 .comment       0x0000000000000012       0x13 src/fs/fat.o
 .comment       0x0000000000000012       0x13 src/fs/vfs.o
