
Memory Configuration

Name             Origin             Length             Attributes
*default*        0x0000000000000000 0xffffffffffffffff

Linker script and memory map

                0x0000000000000000                . = 0x0

.text           0x0000000000000000       0xe3
 *(.multiboot)
 .multiboot     0x0000000000000000       0x30 asm/x86-32/header.o
 *(.text)
 .text          0x0000000000000030       0x49 asm/x86-32/boot.o
                0x0000000000000030                _start
 .text          0x0000000000000079        0x0 asm/x86-32/header.o
 .text          0x0000000000000079       0x19 src/init.o
                0x0000000000000079                initialize_crap
 .text          0x0000000000000092        0xe src/krnl_main.o
                0x0000000000000092                krnl_main
 .text          0x00000000000000a0       0x43 src/vgatext.o
                0x00000000000000a0                putchar

.iplt           0x00000000000000e3        0x0
 .iplt          0x00000000000000e3        0x0 asm/x86-32/boot.o

.rel.dyn        0x00000000000000e4        0x0
 .rel.got       0x00000000000000e4        0x0 asm/x86-32/boot.o
 .rel.iplt      0x00000000000000e4        0x0 asm/x86-32/boot.o

.rodata
 *(.rodata)

.data           0x0000000000001000        0x0
 *(.data)
 .data          0x0000000000001000        0x0 asm/x86-32/boot.o
 .data          0x0000000000001000        0x0 asm/x86-32/header.o
 .data          0x0000000000001000        0x0 src/init.o
 .data          0x0000000000001000        0x0 src/krnl_main.o
 .data          0x0000000000001000        0x0 src/vgatext.o

.got            0x00000000000000e4        0x0
 .got           0x00000000000000e4        0x0 asm/x86-32/boot.o

.got.plt        0x00000000000000e4        0x0
 .got.plt       0x00000000000000e4        0x0 asm/x86-32/boot.o

.igot.plt       0x00000000000000e4        0x0
 .igot.plt      0x00000000000000e4        0x0 asm/x86-32/boot.o

.bss            0x0000000000001000        0x0
 *(COMMON)
 *(.bss)
 .bss           0x0000000000001000        0x0 asm/x86-32/boot.o
 .bss           0x0000000000001000        0x0 asm/x86-32/header.o
 .bss           0x0000000000001000        0x0 src/init.o
 .bss           0x0000000000001000        0x0 src/krnl_main.o
 .bss           0x0000000000001000        0x0 src/vgatext.o
LOAD asm/x86-32/boot.o
LOAD asm/x86-32/header.o
LOAD /home/clement/opt/cross/lib/gcc/i686-elf/10.1.0/libgcc.a
LOAD src/init.o
LOAD src/krnl_main.o
LOAD src/vgatext.o
OUTPUT(vmvasily elf32-i386)

bss             0x0000000000000000      0x800
 bss            0x0000000000000000      0x800 asm/x86-32/boot.o

.comment        0x0000000000000000       0x12
 .comment       0x0000000000000000       0x12 src/init.o
                                         0x13 (size before relaxing)
 .comment       0x0000000000000012       0x13 src/krnl_main.o
 .comment       0x0000000000000012       0x13 src/vgatext.o
