
Memory Configuration

Name             Origin             Length             Attributes
*default*        0x0000000000000000 0xffffffffffffffff

Linker script and memory map

                0x0000000000000000                . = 0x0

.text           0x0000000000000000      0x587
 *(.multiboot)
 .multiboot     0x0000000000000000       0x30 asm/x86-32/header.o
 *(.text)
 .text          0x0000000000000030       0x4b asm/x86-32/boot.o
                0x0000000000000030                _start
 .text          0x000000000000007b        0x0 asm/x86-32/header.o
 .text          0x000000000000007b       0x10 asm/x86-32/isr.o
                0x000000000000007b                pit_isr
                0x0000000000000080                key_isr
                0x0000000000000085                int_stub
                0x0000000000000086                irq_stub
 .text          0x000000000000008b        0x0 src/common.o
 *fill*         0x000000000000008b        0x5 
 .text          0x0000000000000090      0x152 src/idt.o
                0x0000000000000090                set_idt_entry
                0x00000000000000d0                init_idt
 *fill*         0x00000000000001e2        0xe 
 .text          0x00000000000001f0       0x11 src/init.o
                0x00000000000001f0                initialize_crap
 *fill*         0x0000000000000201        0xf 
 .text          0x0000000000000210       0x2a src/io.o
                0x0000000000000210                outb
                0x0000000000000220                inb
                0x0000000000000230                io_wait
 *fill*         0x000000000000023a        0x6 
 .text          0x0000000000000240        0x5 src/krnl_main.o
                0x0000000000000240                krnl_main
 *fill*         0x0000000000000245        0xb 
 .text          0x0000000000000250      0x237 src/vgatext.o
                0x0000000000000250                buff_putchar
                0x0000000000000280                text_scroll
                0x0000000000000330                putstring
                0x0000000000000430                move_cursor
 *fill*         0x0000000000000487        0x9 
 .text          0x0000000000000490       0xf7 src/dev/pic.o
                0x0000000000000490                init_pic

.iplt           0x0000000000000587        0x0
 .iplt          0x0000000000000587        0x0 asm/x86-32/boot.o

.rel.dyn        0x0000000000000588        0x0
 .rel.got       0x0000000000000588        0x0 asm/x86-32/boot.o
 .rel.iplt      0x0000000000000588        0x0 asm/x86-32/boot.o

.rodata
 *(.rodata)

.rodata.str1.1  0x0000000000000587       0x20
 .rodata.str1.1
                0x0000000000000587        0x4 src/common.o
 .rodata.str1.1
                0x000000000000058b        0xe src/idt.o
 .rodata.str1.1
                0x0000000000000599        0xe src/dev/pic.o

.data           0x0000000000001000        0x4
 *(.data)
 .data          0x0000000000001000        0x0 asm/x86-32/boot.o
 .data          0x0000000000001000        0x0 asm/x86-32/header.o
 .data          0x0000000000001000        0x0 asm/x86-32/isr.o
 .data          0x0000000000001000        0x4 src/common.o
                0x0000000000001000                donemsg
 .data          0x0000000000001004        0x0 src/idt.o
 .data          0x0000000000001004        0x0 src/init.o
 .data          0x0000000000001004        0x0 src/io.o
 .data          0x0000000000001004        0x0 src/krnl_main.o
 .data          0x0000000000001004        0x0 src/vgatext.o
 .data          0x0000000000001004        0x0 src/dev/pic.o

.got            0x0000000000001004        0x0
 .got           0x0000000000001004        0x0 asm/x86-32/boot.o

.got.plt        0x0000000000001004        0x0
 .got.plt       0x0000000000001004        0x0 asm/x86-32/boot.o

.igot.plt       0x0000000000001004        0x0
 .igot.plt      0x0000000000001004        0x0 asm/x86-32/boot.o

.bss            0x0000000000002000      0x410
 *(COMMON)
 *(.bss)
 .bss           0x0000000000002000        0x0 asm/x86-32/boot.o
 .bss           0x0000000000002000        0x0 asm/x86-32/header.o
 .bss           0x0000000000002000        0x0 asm/x86-32/isr.o
 .bss           0x0000000000002000        0x0 src/common.o
 .bss           0x0000000000002000      0x40e src/idt.o
                0x0000000000002000                krnl_idt
                0x0000000000002408                idtinf
 .bss           0x000000000000240e        0x0 src/init.o
 .bss           0x000000000000240e        0x0 src/io.o
 .bss           0x000000000000240e        0x0 src/krnl_main.o
 .bss           0x000000000000240e        0x2 src/vgatext.o
                0x000000000000240e                cursorpos
 .bss           0x0000000000002410        0x0 src/dev/pic.o
LOAD asm/x86-32/boot.o
LOAD asm/x86-32/header.o
LOAD asm/x86-32/isr.o
LOAD /home/clement/opt/cross/lib/gcc/i686-elf/10.1.0/libgcc.a
LOAD src/common.o
LOAD src/idt.o
LOAD src/init.o
LOAD src/io.o
LOAD src/krnl_main.o
LOAD src/vgatext.o
LOAD src/dev/pic.o
OUTPUT(vmvasily elf32-i386)

bss             0x0000000000000000      0x800
 bss            0x0000000000000000      0x800 asm/x86-32/boot.o

.comment        0x0000000000000000       0x12
 .comment       0x0000000000000000       0x12 src/common.o
                                         0x13 (size before relaxing)
 .comment       0x0000000000000012       0x13 src/idt.o
 .comment       0x0000000000000012       0x13 src/init.o
 .comment       0x0000000000000012       0x13 src/io.o
 .comment       0x0000000000000012       0x13 src/krnl_main.o
 .comment       0x0000000000000012       0x13 src/vgatext.o
 .comment       0x0000000000000012       0x13 src/dev/pic.o
