
Allocating common symbols
Common symbol       size              file

data                0x1fc             asm/x86-32/boot.o

Memory Configuration

Name             Origin             Length             Attributes
*default*        0x0000000000000000 0xffffffffffffffff

Linker script and memory map

                0x0000000000040000                . = 0x40000
                0x0000000000040000                __krnl_start = .

.text           0x0000000000040000     0x56da
 *(.multiboot)
 .multiboot     0x0000000000040000       0x30 asm/x86-32/header.o
 *(.text)
 .text          0x0000000000040030       0x5c asm/x86-32/boot.o
                0x0000000000040030                _start
 .text          0x000000000004008c        0x0 asm/x86-32/header.o
 .text          0x000000000004008c      0x142 asm/x86-32/isr.o
                0x0000000000040098                syscall_sr
                0x00000000000400b4                pit_isr
                0x00000000000401a2                key_isr
                0x00000000000401ab                int_stub
                0x00000000000401ac                irq_stub
                0x00000000000401c0                atapi_isr
 .text          0x00000000000401ce       0x38 asm/x86-32/string.o
                0x00000000000401ce                memset
                0x00000000000401e0                memcpy
                0x00000000000401f2                strcpy
 .text          0x0000000000040206        0x0 src/common.o
 *fill*         0x0000000000040206        0xa 
 .text          0x0000000000040210      0xeb2 src/heap.o
                0x0000000000040210                k_heapBMInit
                0x0000000000040220                k_heapBMAddBlock
                0x0000000000040430                k_heapBMGetBMSize
                0x0000000000040440                k_heapBMAddBlockEx
                0x0000000000040660                k_heapBMAllocBound
                0x0000000000040960                k_heapBMAlloc
                0x0000000000040980                k_heapBMSet
                0x0000000000040ba0                k_heapBMFree
                0x0000000000040c40                khamalloc
                0x0000000000040c90                khmalloc
                0x0000000000040ce0                khfree
                0x0000000000040d80                khrealloc
                0x0000000000040e80                kharealloc
                0x0000000000040f80                init_heap
 *fill*         0x00000000000410c2        0xe 
 .text          0x00000000000410d0      0x30d src/idt.o
                0x00000000000410d0                set_idt_entry
                0x0000000000041110                init_idt
 *fill*         0x00000000000413dd        0x3 
 .text          0x00000000000413e0       0x34 src/init.o
                0x00000000000413e0                initialize_crap
 *fill*         0x0000000000041414        0xc 
 .text          0x0000000000041420       0x6a src/io.o
                0x0000000000041420                outb
                0x0000000000041430                inb
                0x0000000000041440                outl
                0x0000000000041450                inl
                0x0000000000041460                insl
                0x0000000000041480                io_wait
 *fill*         0x000000000004148a        0x6 
 .text          0x0000000000041490       0x29 src/krnl_main.o
                0x0000000000041490                krnl_main
 *fill*         0x00000000000414b9        0x7 
 .text          0x00000000000414c0      0x348 src/mem.o
                0x00000000000414e0                set_usage_bitmap
                0x0000000000041500                unset_usage_bitmap
                0x0000000000041520                test_usage_bitmap
                0x0000000000041550                find_first_from_bm
                0x00000000000415e0                krnl_map_page
                0x0000000000041650                init_paging
 *fill*         0x0000000000041808        0x8 
 .text          0x0000000000041810       0x8b src/multitask.o
                0x0000000000041810                init_multitask
 *fill*         0x000000000004189b        0x5 
 .text          0x00000000000418a0       0x65 src/panic.o
                0x00000000000418a0                __internal_panic
 *fill*         0x0000000000041905        0xb 
 .text          0x0000000000041910       0x35 src/syscall.o
                0x0000000000041910                c_syscall
 *fill*         0x0000000000041945        0xb 
 .text          0x0000000000041950      0xb45 src/vgatext.o
                0x0000000000041ae0                buff_putchar
                0x0000000000041b10                set_term_colour
                0x0000000000041b20                putpixel
                0x0000000000041b90                drawchar
                0x0000000000041d30                buf_flush
                0x0000000000041e80                text_scroll
                0x0000000000042030                putstring
                0x0000000000042170                strlen
                0x0000000000042190                reverse
                0x00000000000421e0                putunum
                0x0000000000042340                move_cursor
                0x00000000000423f0                init_vga
 *fill*         0x0000000000042495        0xb 
 .text          0x00000000000424a0     0x290c src/dev/ide.o
                0x00000000000424a0                ide_atapi_wait
                0x00000000000424e0                getchannel
                0x0000000000042530                ide_write
                0x00000000000426e0                ide_read
                0x00000000000427d0                ide_read_buffer
                0x0000000000042910                ctrl_init
                0x0000000000043240                ide_polling
                0x00000000000432d0                ide_ata_access
                0x0000000000043cf0                ide_wait_irq
                0x0000000000044050                ide_atapi_read
                0x00000000000443f0                ide_read_sectors
                0x00000000000446d0                ide_write_sectors
                0x0000000000044900                init_ide
 *fill*         0x0000000000044dac        0x4 
 .text          0x0000000000044db0      0x56b src/dev/pci.o
                0x0000000000044db0                readconfword
                0x0000000000044e10                chkdev
                0x0000000000044ef0                chkfunc
                0x0000000000045090                chkbus
                0x00000000000450c0                init_pci
 *fill*         0x000000000004531b        0x5 
 .text          0x0000000000045320       0xf9 src/dev/pic.o
                0x0000000000045320                init_pic
 *fill*         0x0000000000045419        0x7 
 .text          0x0000000000045420      0x1bc src/fs/devfs.o
                0x0000000000045420                devfs_open
                0x0000000000045430                devfs_close
                0x0000000000045440                devfs_readdir
                0x0000000000045450                devfs_read
                0x0000000000045460                devfs_write
                0x0000000000045470                devfs_finddir
                0x0000000000045480                devfs_int_creat
                0x0000000000045570                devfs_init
 *fill*         0x00000000000455dc        0x4 
 .text          0x00000000000455e0       0xfa src/fs/vfs.o
                0x00000000000455e0                open
                0x00000000000455f0                close
                0x0000000000045600                read
                0x0000000000045610                readdir
                0x0000000000045620                finddir
                0x0000000000045630                write
                0x0000000000045640                init_vfs

.iplt           0x00000000000456da        0x0
 .iplt          0x00000000000456da        0x0 asm/x86-32/boot.o

.text.unlikely  0x00000000000456da       0xf9
 .text.unlikely
                0x00000000000456da       0xf9 src/dev/ide.o

.data           0x0000000000046000     0x117a
 *(.data)
 .data          0x0000000000046000       0x4c asm/x86-32/boot.o
                0x0000000000046000                gdt_info
 .data          0x000000000004604c        0x0 asm/x86-32/header.o
 .data          0x000000000004604c        0x0 asm/x86-32/isr.o
 .data          0x000000000004604c        0x0 asm/x86-32/string.o
 .data          0x000000000004604c        0x8 src/common.o
                0x000000000004604c                donemsg
                0x0000000000046050                donemsg_str
 .data          0x0000000000046054        0x0 src/heap.o
 .data          0x0000000000046054        0x0 src/idt.o
 .data          0x0000000000046054        0x0 src/init.o
 .data          0x0000000000046054        0x0 src/io.o
 .data          0x0000000000046054        0x0 src/krnl_main.o
 .data          0x0000000000046054        0x0 src/mem.o
 *fill*         0x0000000000046054        0xc 
 .data          0x0000000000046060       0x88 src/multitask.o
                0x0000000000046060                kernel_task_name
                0x0000000000046080                sys_tss_table
 .data          0x00000000000460e8        0x0 src/panic.o
 .data          0x00000000000460e8        0x0 src/syscall.o
 *fill*         0x00000000000460e8       0x18 
 .data          0x0000000000046100     0x1060 src/vgatext.o
                0x0000000000046100                default_colour
                0x0000000000046102                istext
                0x0000000000046104                gres
                0x000000000004610c                tres
                0x0000000000046120                textmode_lookup
                0x0000000000046160                vga_font
 .data          0x0000000000047160        0xc src/dev/ide.o
 .data          0x000000000004716c        0x0 src/dev/pci.o
 .data          0x000000000004716c        0xe src/dev/pic.o
                0x000000000004716c                p
 .data          0x000000000004717a        0x0 src/fs/devfs.o
 .data          0x000000000004717a        0x0 src/fs/vfs.o

.got            0x000000000004717c        0x0
 .got           0x000000000004717c        0x0 asm/x86-32/boot.o

.got.plt        0x000000000004717c        0x0
 .got.plt       0x000000000004717c        0x0 asm/x86-32/boot.o

.igot.plt       0x000000000004717c        0x0
 .igot.plt      0x000000000004717c        0x0 asm/x86-32/boot.o

.bss            0x0000000000048000     0x1324
 *(COMMON)
 COMMON         0x0000000000048000      0x1fc asm/x86-32/boot.o
                0x0000000000048000                data
 *(.bss)
 .bss           0x00000000000481fc        0x0 asm/x86-32/boot.o
 .bss           0x00000000000481fc        0x0 asm/x86-32/header.o
 .bss           0x00000000000481fc        0x0 asm/x86-32/isr.o
 .bss           0x00000000000481fc        0x0 asm/x86-32/string.o
 .bss           0x00000000000481fc        0x0 src/common.o
 .bss           0x00000000000481fc        0x4 src/heap.o
                0x00000000000481fc                system_heap
 .bss           0x0000000000048200      0x40e src/idt.o
                0x0000000000048200                krnl_idt
                0x0000000000048608                idtinf
 .bss           0x000000000004860e        0x0 src/init.o
 .bss           0x000000000004860e        0x0 src/io.o
 *fill*         0x000000000004860e       0x12 
 .bss           0x0000000000048620       0x78 src/krnl_main.o
                0x0000000000048620                globl_info
 .bss           0x0000000000048698       0x10 src/mem.o
                0x0000000000048698                realloc_test
                0x000000000004869c                krnl_pagedir
                0x00000000000486a0                kernel_page_usage_bitmap
                0x00000000000486a4                max_index
 .bss           0x00000000000486a8       0x14 src/multitask.o
                0x00000000000486a8                proc_id_counter
                0x00000000000486b0                current_task
                0x00000000000486b4                kernel_task
                0x00000000000486b8                enable_multitask
 .bss           0x00000000000486bc        0x0 src/panic.o
 .bss           0x00000000000486bc        0x0 src/syscall.o
 .bss           0x00000000000486bc       0x14 src/vgatext.o
                0x00000000000486bc                prevcursorpos
                0x00000000000486c4                cursorpos
                0x00000000000486cc                buf_ptr
 *fill*         0x00000000000486d0       0x10 
 .bss           0x00000000000486e0      0xc30 src/dev/ide.o
                0x00000000000486e0                testbuf
                0x0000000000048ae0                ide_irq_invoked
                0x0000000000048b00                ide_buf
                0x0000000000049300                ideit
                0x0000000000049304                idechannelroot
                0x0000000000049308                idectrl_id_count
                0x000000000004930c                dev_it
 .bss           0x0000000000049310        0x8 src/dev/pci.o
                0x0000000000049310                it
                0x0000000000049314                pciroot
 .bss           0x0000000000049318        0x0 src/dev/pic.o
 .bss           0x0000000000049318        0x8 src/fs/devfs.o
                0x0000000000049318                devfs_root
                0x000000000004931c                inodecounter
 .bss           0x0000000000049320        0x4 src/fs/vfs.o
                0x0000000000049320                memroot

.rodata         0x000000000004a000       0x6b
 *(.rodata)
 .rodata        0x000000000004a000        0x4 src/panic.o
 .rodata        0x000000000004a004       0x12 src/vgatext.o
 .rodata        0x000000000004a016       0x55 src/dev/ide.o

.rodata.str1.1  0x000000000004a06b      0x105
 .rodata.str1.1
                0x000000000004a06b       0x36 src/heap.o
 .rodata.str1.1
                0x000000000004a0a1        0xe src/idt.o
 .rodata.str1.1
                0x000000000004a0af       0x1d src/mem.o
 .rodata.str1.1
                0x000000000004a0cc       0x14 src/multitask.o
 .rodata.str1.1
                0x000000000004a0e0       0x15 src/panic.o
 .rodata.str1.1
                0x000000000004a0f5       0x67 src/dev/pci.o
                                         0x69 (size before relaxing)
 .rodata.str1.1
                0x000000000004a15c       0x14 src/fs/vfs.o
                0x000000000004b170                . = (. + 0x1000)
                0x000000000004c000                __krnl_end = ALIGN (0x4000)
LOAD asm/x86-32/boot.o
LOAD asm/x86-32/header.o
LOAD asm/x86-32/isr.o
LOAD asm/x86-32/string.o
LOAD /home/clement/opt/cross/lib/gcc/i686-elf/11.2.0/libgcc.a
LOAD src/common.o
LOAD src/heap.o
LOAD src/idt.o
LOAD src/init.o
LOAD src/io.o
LOAD src/krnl_main.o
LOAD src/mem.o
LOAD src/multitask.o
LOAD src/panic.o
LOAD src/syscall.o
LOAD src/vgatext.o
LOAD src/dev/ide.o
LOAD src/dev/pci.o
LOAD src/dev/pic.o
LOAD src/fs/devfs.o
LOAD src/fs/vfs.o
OUTPUT(vmvasily elf32-i386)

.rel.dyn        0x000000000004b170        0x0
 .rel.got       0x000000000004b170        0x0 asm/x86-32/boot.o
 .rel.iplt      0x000000000004b170        0x0 asm/x86-32/boot.o
 .rel.text      0x000000000004b170        0x0 asm/x86-32/boot.o

bss             0x0000000000000000     0x8004
 bss            0x0000000000000000     0x8004 asm/x86-32/boot.o
                0x0000000000008000                vbe_struct

.comment        0x0000000000000000       0x12
 .comment       0x0000000000000000       0x12 src/common.o
                                         0x13 (size before relaxing)
 .comment       0x0000000000000012       0x13 src/heap.o
 .comment       0x0000000000000012       0x13 src/idt.o
 .comment       0x0000000000000012       0x13 src/init.o
 .comment       0x0000000000000012       0x13 src/io.o
 .comment       0x0000000000000012       0x13 src/krnl_main.o
 .comment       0x0000000000000012       0x13 src/mem.o
 .comment       0x0000000000000012       0x13 src/multitask.o
 .comment       0x0000000000000012       0x13 src/panic.o
 .comment       0x0000000000000012       0x13 src/syscall.o
 .comment       0x0000000000000012       0x13 src/vgatext.o
 .comment       0x0000000000000012       0x13 src/dev/ide.o
 .comment       0x0000000000000012       0x13 src/dev/pci.o
 .comment       0x0000000000000012       0x13 src/dev/pic.o
 .comment       0x0000000000000012       0x13 src/fs/devfs.o
 .comment       0x0000000000000012       0x13 src/fs/vfs.o
