
Allocating common symbols
Common symbol       size              file

data                0x1fc             asm/x86-32/boot.o

Memory Configuration

Name             Origin             Length             Attributes
*default*        0x0000000000000000 0xffffffffffffffff

Linker script and memory map

                0x0000000000040000                . = 0x40000
                0x0000000000040000                __krnl_start = .

.text           0x0000000000040000     0x5d2a
 *(.multiboot)
 .multiboot     0x0000000000040000       0x30 asm/x86-32/header.o
 *(.text)
 .text          0x0000000000040030       0x5c asm/x86-32/boot.o
                0x0000000000040030                _start
 .text          0x000000000004008c        0x0 asm/x86-32/header.o
 .text          0x000000000004008c      0x2a4 asm/x86-32/isr.o
                0x0000000000040098                syscall_sr
                0x00000000000400b4                pit_isr
                0x00000000000401a5                key_isr
                0x00000000000401c1                int_stub
                0x00000000000401c2                irq_stub
                0x00000000000401cb                err_code
                0x00000000000401d3                error_0
                0x00000000000401e0                error_2
                0x00000000000401ed                error_3
                0x00000000000401fa                error_4
                0x0000000000040207                error_5
                0x0000000000040214                error_6
                0x0000000000040254                error_7
                0x0000000000040261                error_8
                0x000000000004026e                error_10
                0x000000000004027b                error_11
                0x0000000000040288                error_12
                0x0000000000040295                error_13
                0x00000000000402a2                error_14
                0x00000000000402af                error_17
                0x00000000000402bc                error_18
                0x00000000000402c9                error_19
                0x00000000000402d6                error_20
                0x00000000000402e3                error_21
                0x00000000000402f0                error_28
                0x00000000000402fd                error_29
                0x000000000004030a                error_30
                0x0000000000040322                atapi_isr
 .text          0x0000000000040330       0x38 asm/x86-32/string.o
                0x0000000000040330                memset
                0x0000000000040342                memcpy
                0x0000000000040354                strcpy
 .text          0x0000000000040368        0x0 src/common.o
 *fill*         0x0000000000040368        0x8 
 .text          0x0000000000040370      0x290 src/errorscn.o
                0x0000000000040370                exception_handler
 .text          0x0000000000040600      0xec2 src/heap.o
                0x0000000000040600                k_heapBMInit
                0x0000000000040610                k_heapBMAddBlock
                0x0000000000040820                k_heapBMGetBMSize
                0x0000000000040830                k_heapBMAddBlockEx
                0x0000000000040a50                k_heapBMAllocBound
                0x0000000000040d50                k_heapBMAlloc
                0x0000000000040d70                k_heapBMSet
                0x0000000000040f90                k_heapBMFree
                0x0000000000041030                khamalloc
                0x0000000000041080                khmalloc
                0x00000000000410d0                khfree
                0x0000000000041170                khrealloc
                0x0000000000041270                kharealloc
                0x0000000000041370                init_heap
 *fill*         0x00000000000414c2        0xe 
 .text          0x00000000000414d0      0x640 src/idt.o
                0x00000000000414d0                set_idt_entry
                0x0000000000041510                init_idt
 .text          0x0000000000041b10       0x34 src/init.o
                0x0000000000041b10                initialize_crap
 *fill*         0x0000000000041b44        0xc 
 .text          0x0000000000041b50       0x6a src/io.o
                0x0000000000041b50                outb
                0x0000000000041b60                inb
                0x0000000000041b70                outl
                0x0000000000041b80                inl
                0x0000000000041b90                insl
                0x0000000000041bb0                io_wait
 *fill*         0x0000000000041bba        0x6 
 .text          0x0000000000041bc0       0x27 src/krnl_main.o
                0x0000000000041bc0                krnl_main
 *fill*         0x0000000000041be7        0x9 
 .text          0x0000000000041bf0      0x348 src/mem.o
                0x0000000000041c10                set_usage_bitmap
                0x0000000000041c30                unset_usage_bitmap
                0x0000000000041c50                test_usage_bitmap
                0x0000000000041c80                find_first_from_bm
                0x0000000000041d10                krnl_map_page
                0x0000000000041d80                init_paging
 *fill*         0x0000000000041f38        0x8 
 .text          0x0000000000041f40       0x8b src/multitask.o
                0x0000000000041f40                init_multitask
 *fill*         0x0000000000041fcb        0x5 
 .text          0x0000000000041fd0       0x42 src/panic.o
                0x0000000000041fd0                __internal_panic
 *fill*         0x0000000000042012        0xe 
 .text          0x0000000000042020       0x35 src/syscall.o
                0x0000000000042020                c_syscall
 *fill*         0x0000000000042055        0xb 
 .text          0x0000000000042060      0xf90 src/vgatext.o
                0x00000000000421f0                buff_putchar
                0x0000000000042220                set_term_colour
                0x0000000000042230                putpixel
                0x00000000000422a0                drawchar
                0x0000000000042440                buf_flush
                0x00000000000425a0                putstring_xy
                0x0000000000042670                strlen
                0x0000000000042690                reverse
                0x00000000000426e0                putunum_xy
                0x0000000000042a50                move_cursor
                0x0000000000042b20                text_scroll
                0x0000000000042c50                putstring
                0x0000000000042d00                putunum
                0x0000000000042e60                init_vga
 .text          0x0000000000042ff0     0x22e1 src/dev/ide.o
                0x0000000000042ff0                ide_atapi_wait
                0x0000000000043030                getchannel
                0x0000000000043080                ide_write
                0x00000000000431a0                ide_read
                0x0000000000043290                ide_read_buffer
                0x00000000000433d0                ctrl_init
                0x0000000000043d00                ide_polling
                0x0000000000043d90                ide_ata_access
                0x00000000000447b0                ide_wait_irq
                0x00000000000447d0                ide_atapi_read
                0x0000000000044bd0                ide_read_sectors
                0x0000000000044e80                ide_write_sectors
                0x00000000000450b0                init_ide
 *fill*         0x00000000000452d1        0xf 
 .text          0x00000000000452e0      0x10b src/dev/keyboard.o
                0x00000000000452e0                keyboard_handler
 *fill*         0x00000000000453eb        0x5 
 .text          0x00000000000453f0      0x57b src/dev/pci.o
                0x00000000000453f0                readconfword
                0x0000000000045450                chkdev
                0x0000000000045530                chkfunc
                0x00000000000456d0                chkbus
                0x0000000000045700                init_pci
 *fill*         0x000000000004596b        0x5 
 .text          0x0000000000045970       0xf9 src/dev/pic.o
                0x0000000000045970                init_pic
 *fill*         0x0000000000045a69        0x7 
 .text          0x0000000000045a70      0x1bc src/fs/devfs.o
                0x0000000000045a70                devfs_open
                0x0000000000045a80                devfs_close
                0x0000000000045a90                devfs_readdir
                0x0000000000045aa0                devfs_read
                0x0000000000045ab0                devfs_write
                0x0000000000045ac0                devfs_finddir
                0x0000000000045ad0                devfs_int_creat
                0x0000000000045bc0                devfs_init
 *fill*         0x0000000000045c2c        0x4 
 .text          0x0000000000045c30       0xfa src/fs/vfs.o
                0x0000000000045c30                open
                0x0000000000045c40                close
                0x0000000000045c50                read
                0x0000000000045c60                readdir
                0x0000000000045c70                finddir
                0x0000000000045c80                write
                0x0000000000045c90                init_vfs

.iplt           0x0000000000045d2a        0x0
 .iplt          0x0000000000045d2a        0x0 asm/x86-32/boot.o

.text.unlikely  0x0000000000045d2a       0xa9
 .text.unlikely
                0x0000000000045d2a       0xa9 src/dev/ide.o

.data           0x0000000000046000     0x30fa
 *(.data)
 .data          0x0000000000046000       0x4c asm/x86-32/boot.o
                0x0000000000046000                gdt_info
 .data          0x000000000004604c        0x0 asm/x86-32/header.o
 .data          0x000000000004604c        0x0 asm/x86-32/isr.o
 .data          0x000000000004604c        0x0 asm/x86-32/string.o
 .data          0x000000000004604c        0x8 src/common.o
                0x000000000004604c                donemsg
                0x0000000000046050                donemsg_str
 *fill*         0x0000000000046054        0xc 
 .data          0x0000000000046060      0xfac src/errorscn.o
                0x0000000000046060                _home_clement_Documents_crash_tga
 .data          0x000000000004700c        0x0 src/heap.o
 .data          0x000000000004700c        0x0 src/idt.o
 .data          0x000000000004700c        0x0 src/init.o
 .data          0x000000000004700c        0x0 src/io.o
 .data          0x000000000004700c        0x0 src/krnl_main.o
 .data          0x000000000004700c        0x0 src/mem.o
 *fill*         0x000000000004700c       0x14 
 .data          0x0000000000047020       0x88 src/multitask.o
                0x0000000000047020                kernel_task_name
                0x0000000000047040                sys_tss_table
 .data          0x00000000000470a8        0x0 src/panic.o
 .data          0x00000000000470a8        0x0 src/syscall.o
 *fill*         0x00000000000470a8       0x18 
 .data          0x00000000000470c0     0x2020 src/vgatext.o
                0x00000000000470c0                default_colour
                0x00000000000470c4                enable_log
                0x00000000000470c8                istext
                0x00000000000470cc                gres
                0x00000000000470d4                tres
                0x00000000000470e0                textmode_lookup
                0x0000000000047120                booticon_tga
                0x00000000000480e0                vga_font
 .data          0x00000000000490e0        0xc src/dev/ide.o
 .data          0x00000000000490ec        0x0 src/dev/keyboard.o
 .data          0x00000000000490ec        0x0 src/dev/pci.o
 .data          0x00000000000490ec        0xe src/dev/pic.o
                0x00000000000490ec                p
 .data          0x00000000000490fa        0x0 src/fs/devfs.o
 .data          0x00000000000490fa        0x0 src/fs/vfs.o

.got            0x00000000000490fc        0x0
 .got           0x00000000000490fc        0x0 asm/x86-32/boot.o

.got.plt        0x00000000000490fc        0x0
 .got.plt       0x00000000000490fc        0x0 asm/x86-32/boot.o

.igot.plt       0x00000000000490fc        0x0
 .igot.plt      0x00000000000490fc        0x0 asm/x86-32/boot.o

.bss            0x000000000004a000     0x1328
 *(COMMON)
 COMMON         0x000000000004a000      0x1fc asm/x86-32/boot.o
                0x000000000004a000                data
 *(.bss)
 .bss           0x000000000004a1fc        0x0 asm/x86-32/boot.o
 .bss           0x000000000004a1fc        0x0 asm/x86-32/header.o
 .bss           0x000000000004a1fc        0x0 asm/x86-32/isr.o
 .bss           0x000000000004a1fc        0x0 asm/x86-32/string.o
 .bss           0x000000000004a1fc        0x0 src/common.o
 .bss           0x000000000004a1fc        0x0 src/errorscn.o
 .bss           0x000000000004a1fc        0x4 src/heap.o
                0x000000000004a1fc                system_heap
 .bss           0x000000000004a200      0x40e src/idt.o
                0x000000000004a200                krnl_idt
                0x000000000004a608                idtinf
 .bss           0x000000000004a60e        0x0 src/init.o
 .bss           0x000000000004a60e        0x0 src/io.o
 *fill*         0x000000000004a60e       0x12 
 .bss           0x000000000004a620       0x78 src/krnl_main.o
                0x000000000004a620                globl_info
 .bss           0x000000000004a698       0x10 src/mem.o
                0x000000000004a698                realloc_test
                0x000000000004a69c                krnl_pagedir
                0x000000000004a6a0                kernel_page_usage_bitmap
                0x000000000004a6a4                max_index
 .bss           0x000000000004a6a8       0x14 src/multitask.o
                0x000000000004a6a8                proc_id_counter
                0x000000000004a6b0                current_task
                0x000000000004a6b4                kernel_task
                0x000000000004a6b8                enable_multitask
 .bss           0x000000000004a6bc        0x0 src/panic.o
 .bss           0x000000000004a6bc        0x0 src/syscall.o
 .bss           0x000000000004a6bc       0x14 src/vgatext.o
                0x000000000004a6bc                prevcursorpos
                0x000000000004a6c4                cursorpos
                0x000000000004a6cc                buf_ptr
 *fill*         0x000000000004a6d0       0x10 
 .bss           0x000000000004a6e0      0xc30 src/dev/ide.o
                0x000000000004a6e0                testbuf
                0x000000000004aae0                ide_irq_invoked
                0x000000000004ab00                ide_buf
                0x000000000004b300                ideit
                0x000000000004b304                idechannelroot
                0x000000000004b308                idectrl_id_count
                0x000000000004b30c                dev_it
 .bss           0x000000000004b310        0x4 src/dev/keyboard.o
                0x000000000004b310                e0_mode
 .bss           0x000000000004b314        0x8 src/dev/pci.o
                0x000000000004b314                it
                0x000000000004b318                pciroot
 .bss           0x000000000004b31c        0x0 src/dev/pic.o
 .bss           0x000000000004b31c        0x8 src/fs/devfs.o
                0x000000000004b31c                devfs_root
                0x000000000004b320                inodecounter
 .bss           0x000000000004b324        0x4 src/fs/vfs.o
                0x000000000004b324                memroot

.rodata         0x000000000004c000       0x67
 *(.rodata)
 .rodata        0x000000000004c000       0x12 src/vgatext.o
 .rodata        0x000000000004c012       0x55 src/dev/ide.o

.rodata.str1.4  0x000000000004c068       0x2d
 .rodata.str1.4
                0x000000000004c068       0x2d src/errorscn.o

.rodata.str1.1  0x000000000004c095      0x120
 .rodata.str1.1
                0x000000000004c095       0x32 src/errorscn.o
 .rodata.str1.1
                0x000000000004c0c7       0x36 src/heap.o
 .rodata.str1.1
                0x000000000004c0fd        0xe src/idt.o
 .rodata.str1.1
                0x000000000004c10b       0x1d src/mem.o
 .rodata.str1.1
                0x000000000004c128       0x14 src/multitask.o
 .rodata.str1.1
                0x000000000004c13c       0x65 src/dev/pci.o
                                         0x69 (size before relaxing)
 .rodata.str1.1
                0x000000000004c1a1       0x14 src/fs/vfs.o
                0x000000000004d1b5                . = (. + 0x1000)
                0x0000000000050000                __krnl_end = ALIGN (0x4000)
LOAD asm/x86-32/boot.o
LOAD asm/x86-32/header.o
LOAD asm/x86-32/isr.o
LOAD asm/x86-32/string.o
LOAD /home/clement/opt/cross/lib/gcc/i686-elf/11.2.0/libgcc.a
LOAD src/common.o
LOAD src/errorscn.o
LOAD src/heap.o
LOAD src/idt.o
LOAD src/init.o
LOAD src/io.o
LOAD src/krnl_main.o
LOAD src/mem.o
LOAD src/multitask.o
LOAD src/panic.o
LOAD src/syscall.o
LOAD src/vgatext.o
LOAD src/dev/ide.o
LOAD src/dev/keyboard.o
LOAD src/dev/pci.o
LOAD src/dev/pic.o
LOAD src/fs/devfs.o
LOAD src/fs/vfs.o
OUTPUT(vmvasily elf32-i386)

.rel.dyn        0x000000000004d1b8        0x0
 .rel.got       0x000000000004d1b8        0x0 asm/x86-32/boot.o
 .rel.iplt      0x000000000004d1b8        0x0 asm/x86-32/boot.o
 .rel.text      0x000000000004d1b8        0x0 asm/x86-32/boot.o

bss             0x0000000000000000     0x8004
 bss            0x0000000000000000     0x8004 asm/x86-32/boot.o
                0x0000000000008000                vbe_struct

.comment        0x0000000000000000       0x12
 .comment       0x0000000000000000       0x12 src/common.o
                                         0x13 (size before relaxing)
 .comment       0x0000000000000012       0x13 src/errorscn.o
 .comment       0x0000000000000012       0x13 src/heap.o
 .comment       0x0000000000000012       0x13 src/idt.o
 .comment       0x0000000000000012       0x13 src/init.o
 .comment       0x0000000000000012       0x13 src/io.o
 .comment       0x0000000000000012       0x13 src/krnl_main.o
 .comment       0x0000000000000012       0x13 src/mem.o
 .comment       0x0000000000000012       0x13 src/multitask.o
 .comment       0x0000000000000012       0x13 src/panic.o
 .comment       0x0000000000000012       0x13 src/syscall.o
 .comment       0x0000000000000012       0x13 src/vgatext.o
 .comment       0x0000000000000012       0x13 src/dev/ide.o
 .comment       0x0000000000000012       0x13 src/dev/keyboard.o
 .comment       0x0000000000000012       0x13 src/dev/pci.o
 .comment       0x0000000000000012       0x13 src/dev/pic.o
 .comment       0x0000000000000012       0x13 src/fs/devfs.o
 .comment       0x0000000000000012       0x13 src/fs/vfs.o
