
Allocating common symbols
Common symbol       size              file

data                0x1fc             asm/x86-32/boot.o

Memory Configuration

Name             Origin             Length             Attributes
*default*        0x0000000000000000 0xffffffffffffffff

Linker script and memory map

                0x0000000000010000                . = 0x10000
                0x0000000000010000                __krnl_start = .

.text           0x0000000000010000     0x15b1
 *(.multiboot)
 .multiboot     0x0000000000010000       0x30 asm/x86-32/header.o
 *(.text)
 .text          0x0000000000010030       0x5c asm/x86-32/boot.o
                0x0000000000010030                _start
 .text          0x000000000001008c        0x0 asm/x86-32/header.o
 .text          0x000000000001008c       0xf1 asm/x86-32/isr.o
                0x0000000000010094                pit_isr
                0x000000000001016a                key_isr
                0x0000000000010173                int_stub
                0x0000000000010174                irq_stub
 .text          0x000000000001017d        0x0 src/common.o
 *fill*         0x000000000001017d        0x3 
 .text          0x0000000000010180      0x7d9 src/heap.o
                0x00000000000101b0                k_heapBMInit
                0x00000000000101c0                k_heapBMAddBlock
                0x0000000000010270                k_heapBMGetBMSize
                0x0000000000010280                k_heapBMAddBlockEx
                0x0000000000010330                k_heapBMAllocBound
                0x0000000000010510                k_heapBMAlloc
                0x0000000000010530                k_heapBMSet
                0x0000000000010660                k_heapBMFree
                0x0000000000010700                khamalloc
                0x0000000000010750                khmalloc
                0x00000000000107a0                khfree
                0x00000000000107c0                khrealloc
                0x0000000000010830                kharealloc
                0x00000000000108a0                init_heap
 *fill*         0x0000000000010959        0x7 
 .text          0x0000000000010960      0x153 src/idt.o
                0x0000000000010960                set_idt_entry
                0x00000000000109a0                init_idt
 *fill*         0x0000000000010ab3        0xd 
 .text          0x0000000000010ac0       0x2a src/init.o
                0x0000000000010ac0                initialize_crap
 *fill*         0x0000000000010aea        0x6 
 .text          0x0000000000010af0       0x2a src/io.o
                0x0000000000010af0                outb
                0x0000000000010b00                inb
                0x0000000000010b10                io_wait
 *fill*         0x0000000000010b1a        0x6 
 .text          0x0000000000010b20       0x28 src/krnl_main.o
                0x0000000000010b20                krnl_main
 *fill*         0x0000000000010b48        0x8 
 .text          0x0000000000010b50      0x2df src/mem.o
                0x0000000000010b90                set_usage_bitmap
                0x0000000000010bb0                unset_usage_bitmap
                0x0000000000010bd0                test_usage_bitmap
                0x0000000000010c00                find_first_from_bm
                0x0000000000010c90                krnl_map_page
                0x0000000000010d00                init_paging
 *fill*         0x0000000000010e2f        0x1 
 .text          0x0000000000010e30       0x9a src/multitask.o
                0x0000000000010e30                init_multitask
 *fill*         0x0000000000010eca        0x6 
 .text          0x0000000000010ed0       0x65 src/panic.o
                0x0000000000010ed0                __internal_panic
 *fill*         0x0000000000010f35        0xb 
 .text          0x0000000000010f40      0x545 src/vgatext.o
                0x0000000000010f70                buff_putchar
                0x0000000000010fa0                set_term_colour
                0x0000000000010fb0                buf_flush
                0x0000000000011030                text_scroll
                0x0000000000011110                putstring
                0x0000000000011250                strlen
                0x0000000000011270                reverse
                0x00000000000112d0                putunum
                0x0000000000011380                move_cursor
                0x0000000000011400                init_vga
 *fill*         0x0000000000011485        0xb 
 .text          0x0000000000011490       0xf7 src/dev/pic.o
                0x0000000000011490                init_pic
 .text          0x0000000000011587        0x0 src/fs/devfs.o
 *fill*         0x0000000000011587        0x9 
 .text          0x0000000000011590       0x21 src/fs/vfs.o
                0x0000000000011590                init_vfs

.iplt           0x00000000000115b1        0x0
 .iplt          0x00000000000115b1        0x0 asm/x86-32/boot.o

.data           0x0000000000012000     0x112e
 *(.data)
 .data          0x0000000000012000       0x4c asm/x86-32/boot.o
                0x0000000000012000                gdt_info
 .data          0x000000000001204c        0x0 asm/x86-32/header.o
 .data          0x000000000001204c        0x0 asm/x86-32/isr.o
 .data          0x000000000001204c        0x4 src/common.o
                0x000000000001204c                donemsg
 .data          0x0000000000012050        0x0 src/heap.o
 .data          0x0000000000012050        0x0 src/idt.o
 .data          0x0000000000012050        0x0 src/init.o
 .data          0x0000000000012050        0x0 src/io.o
 .data          0x0000000000012050        0x0 src/krnl_main.o
 .data          0x0000000000012050        0x0 src/mem.o
 *fill*         0x0000000000012050       0x10 
 .data          0x0000000000012060       0x88 src/multitask.o
                0x0000000000012060                kernel_task_name
                0x0000000000012080                sys_tss_table
 .data          0x00000000000120e8        0x0 src/panic.o
 *fill*         0x00000000000120e8       0x18 
 .data          0x0000000000012100     0x1020 src/vgatext.o
                0x0000000000012100                default_colour
                0x0000000000012102                istext
                0x0000000000012104                gres
                0x000000000001210c                tres
                0x0000000000012120                vga
 .data          0x0000000000013120        0xe src/dev/pic.o
                0x0000000000013120                p
 .data          0x000000000001312e        0x0 src/fs/devfs.o
 .data          0x000000000001312e        0x0 src/fs/vfs.o

.got            0x0000000000013130        0x0
 .got           0x0000000000013130        0x0 asm/x86-32/boot.o

.got.plt        0x0000000000013130        0x0
 .got.plt       0x0000000000013130        0x0 asm/x86-32/boot.o

.igot.plt       0x0000000000013130        0x0
 .igot.plt      0x0000000000013130        0x0 asm/x86-32/boot.o

.rodata         0x0000000000014000       0x16
 *(.rodata)
 .rodata        0x0000000000014000        0x4 src/panic.o
 .rodata        0x0000000000014004       0x12 src/vgatext.o

.rodata.str1.1  0x0000000000014016       0xb1
 .rodata.str1.1
                0x0000000000014016        0x4 src/common.o
 .rodata.str1.1
                0x000000000001401a       0x36 src/heap.o
 .rodata.str1.1
                0x0000000000014050        0xe src/idt.o
 .rodata.str1.1
                0x000000000001405e       0x1d src/mem.o
 .rodata.str1.1
                0x000000000001407b       0x2b src/multitask.o
 .rodata.str1.1
                0x00000000000140a6       0x15 src/panic.o
 .rodata.str1.1
                0x00000000000140bb        0xc src/fs/vfs.o

.rel.dyn        0x00000000000140c8        0x0
 .rel.got       0x00000000000140c8        0x0 asm/x86-32/boot.o
 .rel.iplt      0x00000000000140c8        0x0 asm/x86-32/boot.o
 .rel.text      0x00000000000140c8        0x0 asm/x86-32/boot.o

.bss            0x0000000000015000      0x6cc
 *(COMMON)
 COMMON         0x0000000000015000      0x1fc asm/x86-32/boot.o
                0x0000000000015000                data
 *(.bss)
 .bss           0x00000000000151fc        0x0 asm/x86-32/boot.o
 .bss           0x00000000000151fc        0x0 asm/x86-32/header.o
 .bss           0x00000000000151fc        0x0 asm/x86-32/isr.o
 .bss           0x00000000000151fc        0x0 src/common.o
 .bss           0x00000000000151fc        0x4 src/heap.o
                0x00000000000151fc                system_heap
 .bss           0x0000000000015200      0x40e src/idt.o
                0x0000000000015200                krnl_idt
                0x0000000000015608                idtinf
 .bss           0x000000000001560e        0x0 src/init.o
 .bss           0x000000000001560e        0x0 src/io.o
 *fill*         0x000000000001560e       0x12 
 .bss           0x0000000000015620       0x78 src/krnl_main.o
                0x0000000000015620                globl_info
 .bss           0x0000000000015698       0x10 src/mem.o
                0x0000000000015698                realloc_test
                0x000000000001569c                krnl_pagedir
                0x00000000000156a0                kernel_page_usage_bitmap
                0x00000000000156a4                max_index
 .bss           0x00000000000156a8       0x14 src/multitask.o
                0x00000000000156a8                proc_id_counter
                0x00000000000156b0                current_task
                0x00000000000156b4                kernel_task
                0x00000000000156b8                enable_multitask
 .bss           0x00000000000156bc        0x0 src/panic.o
 .bss           0x00000000000156bc        0x8 src/vgatext.o
                0x00000000000156bc                prevcursorpos
                0x00000000000156be                cursorpos
                0x00000000000156c0                buf_ptr
 .bss           0x00000000000156c4        0x0 src/dev/pic.o
 .bss           0x00000000000156c4        0x0 src/fs/devfs.o
 .bss           0x00000000000156c4        0x8 src/fs/vfs.o
                0x00000000000156c4                devfs
                0x00000000000156c8                root
                0x00000000000196cc                . = (. + 0x4000)
                0x000000000001c000                __krnl_end = ALIGN (0x4000)
LOAD asm/x86-32/boot.o
LOAD asm/x86-32/header.o
LOAD asm/x86-32/isr.o
LOAD /opt/cross/lib/gcc/i686-elf/11.2.0/libgcc.a
LOAD src/common.o
LOAD src/heap.o
LOAD src/idt.o
LOAD src/init.o
LOAD src/io.o
LOAD src/krnl_main.o
LOAD src/mem.o
LOAD src/multitask.o
LOAD src/panic.o
LOAD src/vgatext.o
LOAD src/dev/pic.o
LOAD src/fs/devfs.o
LOAD src/fs/vfs.o
OUTPUT(vmvasily elf32-i386)

bss             0x0000000000000000     0x4004
 bss            0x0000000000000000     0x4004 asm/x86-32/boot.o
                0x0000000000004000                vbe_struct

.comment        0x0000000000000000       0x12
 .comment       0x0000000000000000       0x12 src/common.o
                                         0x13 (size before relaxing)
 .comment       0x0000000000000012       0x13 src/heap.o
 .comment       0x0000000000000012       0x13 src/idt.o
 .comment       0x0000000000000012       0x13 src/init.o
 .comment       0x0000000000000012       0x13 src/io.o
 .comment       0x0000000000000012       0x13 src/krnl_main.o
 .comment       0x0000000000000012       0x13 src/mem.o
 .comment       0x0000000000000012       0x13 src/multitask.o
 .comment       0x0000000000000012       0x13 src/panic.o
 .comment       0x0000000000000012       0x13 src/vgatext.o
 .comment       0x0000000000000012       0x13 src/dev/pic.o
 .comment       0x0000000000000012       0x13 src/fs/devfs.o
 .comment       0x0000000000000012       0x13 src/fs/vfs.o
